[forums.kicksecure.com/index.html]
[backblue.gif]
[fade.gif]
[index.html]
[external.html]
[forums.kicksecure.com/index.html]
[forums.kicksecure.com/uploads/default/optimized/1X/a630bee107b3968e092ffc2c4429ddad46791578_2_180x180.png]
[forums.kicksecure.com/uploads/default/optimized/1X/0db9935a1fdd7302cae516aaa752af0de307d388_2_32x32.png]
[forums.kicksecure.com/opensearch.xml]
[forums.kicksecure.com/stylesheets/desktop_6f0a16f96709d7742cf2c70dd70c39bc185f99be.css_; filename_=UTF-8''desktop_6f0a16f96709d7742cf2c70dd70c39bc185f99be61cf.css]
[forums.kicksecure.com/c/news/5.html]
[forums.kicksecure.com/stylesheets/desktop_theme_2_471eb897b8e0d2c42f132ded46c3875ec79f02eb.css_; filename_=UTF-8''desktop_theme_2_471eb897b8e0d2c42f132ded46c3875ec79f02eb61cf.css]
[forums.kicksecure.com/uploads/default/original/1X/5667b439b037afb9b0a1e6472421025ff9ca03ed.jpg]
[forums.kicksecure.com/stylesheets/desktop_theme_1_230c7c6fb52b1dcecd39b8bcaaa9b8572dee61a4.css_; filename_=UTF-8''desktop_theme_1_230c7c6fb52b1dcecd39b8bcaaa9b8572dee61a461cf.css]
[forums.kicksecure.com/c/website/2.html]
[forums.kicksecure.com/c/news/5.html]
[forums.kicksecure.com/c/support/6.html]
[forums.kicksecure.com/c/development/7.html]
[forums.kicksecure.com/categories.html]
[forums.kicksecure.com/guidelines.html]
[forums.kicksecure.com/c/website/2.html]
[forums.kicksecure.com/posts.rss]
[forums.kicksecure.com/c/news/5.rss]
[forums.kicksecure.com/latest.rss]
[forums.kicksecure.com/c/support/_https_/www.kicksecure.com/wiki/Support__support_/a_]
[forums.kicksecure.com/c/news/52679.html]
[forums.kicksecure.com/c/support/6.html]
[forums.kicksecure.com/letter_avatar_proxy/v4/letter/p/b2d939/25.png]
[forums.kicksecure.com/tag/important-news.html]
[forums.kicksecure.com/c/development/7.html]
[forums.kicksecure.com/uploads/default/optimized/1X/980ea89dcfb830e3913ced130393d0aad89b49b7_2_1024x894.jpg]
[forums.kicksecure.com/categories.html]
[forums.kicksecure.com/c/website/2.rss]
[forums.kicksecure.com/c/website/22679.html]
[forums.kicksecure.com/letter_avatar_proxy/v4/letter/j/f475e1/25.png]
[forums.kicksecure.com/c/site-feedback.5f.delayed]
[forums.kicksecure.com/guidelines.html]
[forums.kicksecure.com/c/support/6.rss]
[forums.kicksecure.com/c/news/52679.html]
[forums.kicksecure.com/letter_avatar_proxy/v4/letter/h/edb3f5/25.png]
[forums.kicksecure.com/c/support/62679.html]
[forums.kicksecure.com/user_avatar/forums.kicksecure.com/mh4speech/25/30_2.png]
[forums.kicksecure.com/stylesheets/desktop_0bf77b30266c75d38da9e106708d40d8893dbe22.6261cf.delayed]
[forums.kicksecure.com/stylesheets/desktop_theme_2_c04502208cc667189c03adef6562ec23f21ae9d261cf.css]
[forums.kicksecure.com/letter_avatar_proxy/v4/letter/l/4bbf92/25.png]
[forums.kicksecure.com/letter_avatar_proxy/v4/letter/w/da6949/25.png]
[forums.kicksecure.com/stylesheets/desktop_theme_1_fb4e01c302aa435f4eafd7d8099922b9ecd5851f61cf.css]
[forums.kicksecure.com/letter_avatar_proxy/v4/letter/i/df705f/25.png]
[forums.kicksecure.com/letter_avatar_proxy/v4/letter/h/da6949/25.png]
[forums.kicksecure.com/t/about-the-news-category/15.html]
[forums.kicksecure.com/letter_avatar_proxy/v4/letter/e/ba9def/25.png]
[forums.kicksecure.com/t/kicksecure-16-0-8-2-for-virtualbox-point-release/114.html]
[forums.kicksecure.com/tag/important-news.html]
[forums.kicksecure.com/c/website/22679.html]
[forums.kicksecure.com/letter_avatar_proxy/v4/letter/a/96bed5/25.png]
[forums.kicksecure.com/letter_avatar_proxy/v4/letter/s/aeb1de/25.png]
[forums.kicksecure.com/images/emoji/twitter/winkc164.png]
[forums.kicksecure.com/letter_avatar_proxy/v4/letter/o/3da27b/25.png]
[forums.kicksecure.com/letter_avatar_proxy/v4/letter/b/3d9bf3/25.png]
[forums.kicksecure.com/t/kicksecure-logo-draft/20.html]
[forums.kicksecure.com/letter_avatar_proxy/v4/letter/b/b5e925/25.png]
[forums.kicksecure.com/t/reply-to-forums-via-e-mail-test-forum-thread/67.html]
[forums.kicksecure.com/letter_avatar_proxy/v4/letter/n/e495f1/25.png]
[forums.kicksecure.com/c/support/62679.html]
[forums.kicksecure.com/letter_avatar_proxy/v4/letter/n/8e7dd6/25.png]
[forums.kicksecure.com/letter_avatar_proxy/v4/letter/c/ee59a6/25.png]
[forums.kicksecure.com/c/support/_https_/www.kicksecure.com/wiki/Support__support_/a_.html]
[forums.kicksecure.com/t/installing-openvpn-client-permission-denied/125.html]
[forums.kicksecure.com/letter_avatar_proxy/v4/letter/t/439d5e/25.png]
[forums.kicksecure.com/t/intel-tiger-lake-sof-sound-driver/103.html]
[forums.kicksecure.com/t/clean-installing-ks-on-debian-11-cli-hit-security-misc-error/124.html]
[forums.kicksecure.com/letter_avatar_proxy/v4/letter/h/8491ac/25.png]
[forums.kicksecure.com/t/using-kicksecure-xfce-vm-as-offline-cold-storage/122.html]
[forums.kicksecure.com/letter_avatar_proxy/v4/letter/y/6a8cbe/25.png]
[forums.kicksecure.com/t/problem-with-hardended-malloc/118.html]
[forums.kicksecure.com/letter_avatar_proxy/v4/letter/t/c77e96/25.png]
[forums.kicksecure.com/t/enabling-open-link-confirmation/111.html]
[forums.kicksecure.com/t/noob-questions-about-sudo-and-suid-cli-vs-gui/99.html]
[forums.kicksecure.com/letter_avatar_proxy/v4/letter/k/7c8e57/25.png]
[forums.kicksecure.com/t/hostname-incorrect/97.html]
[forums.kicksecure.com/letter_avatar_proxy/v4/letter/g/59ef9b/25.png]
[forums.kicksecure.com/t/everything-works-just-one-question-about-networking/96.html]
[forums.kicksecure.com/letter_avatar_proxy/v4/letter/s/e0b2c6/25.png]
[forums.kicksecure.com/t/kicksecure-default-applications-missing/93.html]
[forums.kicksecure.com/letter_avatar_proxy/v4/letter/w/e8c25b/25.png]
[forums.kicksecure.com/t/failure-update-system-addgroup-addgroup-with-two-arguments-is-an-unspecified-operation/88.html]
[forums.kicksecure.com/t/help-installing-with-debian/83.html]
[forums.kicksecure.com/c/development/72679.html]
[forums.kicksecure.com/c/development/7.rss]
[forums.kicksecure.com/t/lqxt-without-default-window-manager/74.html]
[forums.kicksecure.com/t/avoid-notifying-my-replies-to-my-email/72.html]
[forums.kicksecure.com/letter_avatar_proxy/v4/letter/q/bc79bd/25.png]
[forums.kicksecure.com/t/no-connection-in-kicksecure-appvm-based-on-qubes-template-debian-11-minimal/32.html]
[forums.kicksecure.com/t/kicksecure-apt-key-expired/52.html]
[forums.kicksecure.com/t/how-to-manual-change-of-the-tor-circuit/49.html]
[forums.kicksecure.com/t/how-to-install-remmina/48.html]
[forums.kicksecure.com/t/kicksecure-inside-lmde-5/46.html]
[forums.kicksecure.com/t/public-key-not-available/43.html]
[forums.kicksecure.com/t/kicksecure-network-conf-package-question/39.html]
[forums.kicksecure.com/uploads/default/original/1X/4436e4c66eb4b895474a46e5905f7f5808fea79a.png]
[forums.kicksecure.com/t/big-thanks-small-question/34.html]
[forums.kicksecure.com/t/dpkg-issue-in-kicksecure-debian/28.html]
[forums.kicksecure.com/about.html]
[forums.kicksecure.com/t/suddenly-after-each-restart-two-cable-connections/29.html]
[forums.kicksecure.com/faq.html]
[forums.kicksecure.com/t/cannot-get-sdwdate-to-sync/25.html]
[forums.kicksecure.com/uploads/default/optimized/1X/_129430568242d1b7f853bb13ebea28b3f6af4e7_2_32x32.png]
[forums.kicksecure.com/t/trying-to-morph-kicksecure-on-debian-bullseye/17.html]
[forums.kicksecure.com/t/kicksecure-16-0-8-2-for-virtualbox-point-release/114.rss]
[forums.kicksecure.com/c/development/72679.html]
[forums.kicksecure.com/t/kicksecure-logo-draft/20.rss]
[forums.kicksecure.com/t/propose-building-off-alpine-linux/107.html]
[forums.kicksecure.com/uploads/default/optimized/1X/_129430568242d1b7f853bb13ebea28b3f6af4e7_2_180x180.png]
[forums.kicksecure.com/t/disabling-smt-in-security-misc-may-make-security-worse-on-some-power9-systems/100.html]
[forums.kicksecure.com/t/tor-project-is-resurrecting-secbrowser-as-base-browser/101.html]
[forums.kicksecure.com/t/derivative-maker-build-script-running-as-user-versus-root-versus-sudo-design/76.html]
[forums.kicksecure.com/t/about-the-news-category/15.rss]
[forums.kicksecure.com/t/block-browser-startup-in-template-vms/71.html]
[forums.kicksecure.com/t/make-systemcheck-gui-give-better-message-when-no-tor-connection-detected/61.html]
[forums.kicksecure.com/tag/important-news695b.html]
[forums.kicksecure.com/t/consider-firewall-by-default/57.html]
[forums.kicksecure.com/about.html]
[forums.kicksecure.com/faq.html]
[forums.kicksecure.com/c/site-feedback.html]
[forums.kicksecure.com/stylesheets/desktop_0bf77b30266c75d38da9e106708d40d8893dbe2261cf.html]
[forums.kicksecure.com/uploads/default/original/1X/980ea89dcfb830e3913ced130393d0aad89b49b7.jpg]
[forums.kicksecure.com/stylesheets/desktop_theme_2_c04502208cc667189c03adef6562ec23f21ae9d261cf.html]
[forums.kicksecure.com/stylesheets/desktop_theme_1_fb4e01c302aa435f4eafd7d8099922b9ecd5851f61cf.html]
[forums.kicksecure.com/tag/important-news695b.html]
[forums.kicksecure.com/images/emoji/twitter/grinc164.png]
[forums.kicksecure.com/t/installing-openvpn-client-permission-denied/125.rss]
[forums.kicksecure.com/t/reply-to-forums-via-e-mail-test-forum-thread/67.rss]
[forums.kicksecure.com/t/intel-tiger-lake-sof-sound-driver/103.rss]
[forums.kicksecure.com/t/problem-with-hardended-malloc/118.rss]
[forums.kicksecure.com/t/clean-installing-ks-on-debian-11-cli-hit-security-misc-error/124.rss]
[forums.kicksecure.com/images/emoji/twitter/slight_smilee5bf.png]
[forums.kicksecure.com/t/using-kicksecure-xfce-vm-as-offline-cold-storage/122.rss]
[forums.kicksecure.com/t/everything-works-just-one-question-about-networking/96.rss]
[forums.kicksecure.com/t/enabling-open-link-confirmation/111.rss]
[forums.kicksecure.com/t/noob-questions-about-sudo-and-suid-cli-vs-gui/99.rss]
[forums.kicksecure.com/t/hostname-incorrect/97.rss]
[forums.kicksecure.com/images/emoji/twitter/grinninge5bf.png]
[forums.kicksecure.com/t/kicksecure-default-applications-missing/93.rss]
[forums.kicksecure.com/t/failure-update-system-addgroup-addgroup-with-two-arguments-is-an-unspecified-operation/88.rss]
[forums.kicksecure.com/t/help-installing-with-debian/83.rss]
[forums.kicksecure.com/t/lqxt-without-default-window-manager/74.rss]
[forums.kicksecure.com/t/avoid-notifying-my-replies-to-my-email/72.rss]
[forums.kicksecure.com/letter_avatar_proxy/v4/letter/n/e495f1/120.png]
[forums.kicksecure.com/t/no-connection-in-kicksecure-appvm-based-on-qubes-template-debian-11-minimal/32.rss]
[forums.kicksecure.com/t/kicksecure-apt-key-expired/52.rss]
[forums.kicksecure.com/t/how-to-manual-change-of-the-tor-circuit/49.rss]
[forums.kicksecure.com/t/how-to-install-remmina/48.rss]
[forums.kicksecure.com/t/kicksecure-inside-lmde-5/46.rss]
[forums.kicksecure.com/t/dpkg-issue-in-kicksecure-debian/28.rss]
[forums.kicksecure.com/t/public-key-not-available/43.rss]
[forums.kicksecure.com/t/kicksecure-network-conf-package-question/39.rss]
[forums.kicksecure.com/t/cannot-get-sdwdate-to-sync/25.rss]
[forums.kicksecure.com/t/big-thanks-small-question/34.rss]
[forums.kicksecure.com/t/disabling-smt-in-security-misc-may-make-security-worse-on-some-power9-systems/100.rss]
[forums.kicksecure.com/t/suddenly-after-each-restart-two-cable-connections/29.rss]
[forums.kicksecure.com/t/trying-to-morph-kicksecure-on-debian-bullseye/17.rss]
[forums.kicksecure.com/t/propose-building-off-alpine-linux/107.rss]
[forums.kicksecure.com/t/tor-project-is-resurrecting-secbrowser-as-base-browser/101.rss]
[forums.kicksecure.com/t/derivative-maker-build-script-running-as-user-versus-root-versus-sudo-design/76.rss]
[forums.kicksecure.com/t/block-browser-startup-in-template-vms/71.rss]
[forums.kicksecure.com/t/make-systemcheck-gui-give-better-message-when-no-tor-connection-detected/61.rss]
[forums.kicksecure.com/t/consider-firewall-by-default/57.rss]
