[forums.kicksecure.com/index.html]
[backblue.gif]
[fade.gif]
[index.html]
[external.html]
[forums.kicksecure.com/index.html]
[forums.kicksecure.com/uploads/default/optimized/1X/cbdfe4b0c05c97069961301225ed1ccd6e766f67_2_180x180.png]
[forums.kicksecure.com/uploads/default/optimized/1X/0db9935a1fdd7302cae516aaa752af0de307d388_2_32x32.png]
[forums.kicksecure.com/opensearch.xml]
[forums.kicksecure.com/stylesheets/color_definitions_base__3_f56d0670eedbabbd26d0a0fcb46e61d0fe5d058b.css_; filename_=UTF-8''color_definitions_base__3_f56d0670eedbabbd26d0a0fcb46e61d0fe5d058b6]
[forums.kicksecure.com/stylesheets/desktop_d730f5ccf2690588992b0a5615db3d46ce58fec4.css_; filename_=UTF-8''desktop_d730f5ccf2690588992b0a5615db3d46ce58fec461cf.css]
[forums.kicksecure.com/stylesheets/checklist_d730f5ccf2690588992b0a5615db3d46ce58fec4.css_; filename_=UTF-8''checklist_d730f5ccf2690588992b0a5615db3d46ce58fec461cf.css]
[forums.kicksecure.com/stylesheets/discourse-details_d730f5ccf2690588992b0a5615db3d46ce58fec4.css_; filename_=UTF-8''discourse-details_d730f5ccf2690588992b0a5615db3d46ce58fec461cf.css]
[forums.kicksecure.com/stylesheets/discourse-lazy-videos_d730f5ccf2690588992b0a5615db3d46ce58fec4.css_; filename_=UTF-8''discourse-lazy-videos_d730f5ccf2690588992b0a5615db3d46ce58fec461cf.css]
[forums.kicksecure.com/stylesheets/discourse-local-dates_d730f5ccf2690588992b0a5615db3d46ce58fec4.css_; filename_=UTF-8''discourse-local-dates_d730f5ccf2690588992b0a5615db3d46ce58fec461cf.css]
[forums.kicksecure.com/stylesheets/discourse-narrative-bot_d730f5ccf2690588992b0a5615db3d46ce58fec4.css_; filename_=UTF-8''discourse-narrative-bot_d730f5ccf2690588992b0a5615db3d46ce58fec461cf]
[forums.kicksecure.com/stylesheets/discourse-presence_d730f5ccf2690588992b0a5615db3d46ce58fec4.css_; filename_=UTF-8''discourse-presence_d730f5ccf2690588992b0a5615db3d46ce58fec461cf.css]
[forums.kicksecure.com/stylesheets/docker_manager_d730f5ccf2690588992b0a5615db3d46ce58fec4.css_; filename_=UTF-8''docker_manager_d730f5ccf2690588992b0a5615db3d46ce58fec461cf.css]
[forums.kicksecure.com/w/images/0/0b/End-of-year-times.png]
[forums.kicksecure.com/w/images/3/32/End-of-year-pause.png]
[forums.kicksecure.com/stylesheets/poll_d730f5ccf2690588992b0a5615db3d46ce58fec4.css_; filename_=UTF-8''poll_d730f5ccf2690588992b0a5615db3d46ce58fec461cf.css]
[forums.kicksecure.com/w/images/c/c8/End-of-year-play.png]
[forums.kicksecure.com/stylesheets/poll_desktop_d730f5ccf2690588992b0a5615db3d46ce58fec4.css_; filename_=UTF-8''poll_desktop_d730f5ccf2690588992b0a5615db3d46ce58fec461cf.css]
[forums.kicksecure.com/c/news/5.html]
[forums.kicksecure.com/stylesheets/desktop_theme_3_1c4351cca5f089194687c3cb7739fd5d4fa1b519.css_; filename_=UTF-8''desktop_theme_3_1c4351cca5f089194687c3cb7739fd5d4fa1b51961cf.css]
[forums.kicksecure.com/c/website/2.html]
[forums.kicksecure.com/stylesheets/desktop_theme_2_d18843c1f4021a10e04f7d9958507d94e4b9fd0c.css_; filename_=UTF-8''desktop_theme_2_d18843c1f4021a10e04f7d9958507d94e4b9fd0c61cf.css]
[forums.kicksecure.com/c/support/6.html]
[forums.kicksecure.com/c/news/5.html]
[forums.kicksecure.com/c/development/7.html]
[forums.kicksecure.com/c/website/2.html]
[forums.kicksecure.com/c/qubes/8.html]
[forums.kicksecure.com/c/virtualbox/9.html]
[forums.kicksecure.com/c/kvm/10.html]
[forums.kicksecure.com/c/unsupported-platforms/11.html]
[forums.kicksecure.com/c/support/_https_/www.kicksecure.com/wiki/Support__support_/a_.48.delayed]
[forums.kicksecure.com/c/support/6.html]
[forums.kicksecure.com/categories.html]
[forums.kicksecure.com/c/development/7.html]
[forums.kicksecure.com/c/organization/13.html]
[forums.kicksecure.com/c/recycle-bin/16.html]
[forums.kicksecure.com/c/apparmor/12.html]
[forums.kicksecure.com/c/qubes/8.html]
[forums.kicksecure.com/posts.rss]
[forums.kicksecure.com/latest.rss]
[forums.kicksecure.com/c/virtualbox/9.html]
[forums.kicksecure.com/c/news/5.rss]
[forums.kicksecure.com/c/kvm/10.html]
[forums.kicksecure.com/c/unsupported-platforms/11.html]
[forums.kicksecure.com/guidelines.html]
[forums.kicksecure.com/c/apparmor/12.html]
[forums.kicksecure.com/c/news/52679.html]
[forums.kicksecure.com/c/organization/13.html]
[forums.kicksecure.com/c/recycle-bin/16.html]
[forums.kicksecure.com/letter_avatar_proxy/v4/letter/p/b2d939/25.png]
[forums.kicksecure.com/categories.html]
[forums.kicksecure.com/c/site-feedback.ce.delayed]
[forums.kicksecure.com/guidelines.html]
[forums.kicksecure.com/letter_avatar_proxy/v4/letter/s/ba8739/25.png]
[forums.kicksecure.com/c/news/52679.html]
[forums.kicksecure.com/t/about-the-news-category/15.html]
[forums.kicksecure.com/tag/important-news.html]
[forums.kicksecure.com/t/kicksecure-17-2-0-1-all-platforms-point-release/492.html]
[forums.kicksecure.com/t/kicksecure-17-1-3-1-for-virtualbox-point-release/409.html]
[forums.kicksecure.com/t/kicksecure-17-1-1-5-for-virtualbox-point-release/356.html]
[forums.kicksecure.com/letter_avatar_proxy/v4/letter/h/edb3f5/25.png]
[forums.kicksecure.com/t/kicksecure-17-1-0-2-for-virtualbox-point-release/340.html]
[forums.kicksecure.com/tag/important-news.html]
[forums.kicksecure.com/t/kicksecure-17-0-4-5-for-virtualbox-point-release/312.html]
[forums.kicksecure.com/c/website/2.rss]
[forums.kicksecure.com/t/kicksecure-17-has-been-released-debian-12-bookworm-based-major-release/284.html]
[forums.kicksecure.com/c/website/22679.html]
[forums.kicksecure.com/letter_avatar_proxy/v4/letter/j/f475e1/25.png]
[forums.kicksecure.com/letter_avatar_proxy/v4/letter/c/3e96dc/25.png]
[forums.kicksecure.com/t/kicksecure-16-0-9-8-for-virtualbox-point-release/222.html]
[forums.kicksecure.com/letter_avatar_proxy/v4/letter/a/edb3f5/25.png]
[forums.kicksecure.com/t/kicksecure-16-0-9-0-for-virtualbox-point-release/160.html]
[forums.kicksecure.com/letter_avatar_proxy/v4/letter/m/df705f/25.png]
[forums.kicksecure.com/t/kicksecure-16-0-8-2-for-virtualbox-point-release/114.html]
[forums.kicksecure.com/letter_avatar_proxy/v4/letter/a/3d9bf3/25.png]
[forums.kicksecure.com/c/website/22679.html]
[forums.kicksecure.com/letter_avatar_proxy/v4/letter/n/8e7dd6/25.png]
[forums.kicksecure.com/images/emoji/twitter/grinc164.png]
[forums.kicksecure.com/letter_avatar_proxy/v4/letter/s/8491ac/25.png]
[forums.kicksecure.com/c/support/62679.html]
[forums.kicksecure.com/c/support/6.rss]
[forums.kicksecure.com/t/kicksecure-logo-draft/20.html]
[forums.kicksecure.com/t/modernize-website/370.html]
[forums.kicksecure.com/letter_avatar_proxy/v4/letter/c/e47774/25.png]
[forums.kicksecure.com/letter_avatar_proxy/v4/letter/e/3ab097/25.png]
[forums.kicksecure.com/t/domain-clientdeleteprohibited-status/179.html]
[forums.kicksecure.com/t/rss-feeds-for-the-project/234.html]
[forums.kicksecure.com/letter_avatar_proxy/v4/letter/f/0ea827/25.png]
[forums.kicksecure.com/t/no-valid-pgp-data-found/186.html]
[forums.kicksecure.com/letter_avatar_proxy/v4/letter/v/7feea3/25.png]
[forums.kicksecure.com/t/remove-replace-broken-links-at-kicksecure-com/&quot;https_/forums.kicksecure.12f.delayed]
[forums.kicksecure.com/letter_avatar_proxy/v4/letter/w/da6949/25.png]
[forums.kicksecure.com/t/remove-replace-broken-links-at-kicksecure-com/_https_/forums.kicksecure.org_]
[forums.kicksecure.com/letter_avatar_proxy/v4/letter/h/b77776/25.png]
[forums.kicksecure.com/letter_avatar_proxy/v4/letter/r/3ab097/25.png]
[forums.kicksecure.com/t/remove-replace-broken-links-at-kicksecure-com/_https_/dl.acm.org/citation06aa.cfm]
[forums.kicksecure.com/t/remove-replace-broken-links-at-kicksecure-com/150.html]
[forums.kicksecure.com/letter_avatar_proxy/v4/letter/a/e47774/25.png]
[forums.kicksecure.com/t/reply-to-forums-via-e-mail-test-forum-thread/67.html]
[forums.kicksecure.com/letter_avatar_proxy/v4/letter/u/5daacb/25.png]
[forums.kicksecure.com/c/support/62679.html]
[forums.kicksecure.com/c/support/_https_/www.kicksecure.com/wiki/Support__support_/a_.html]
[forums.kicksecure.com/letter_avatar_proxy/v4/letter/a/3ec8ea/25.png]
[forums.kicksecure.com/t/permission-hardener-broken/487.html]
[forums.kicksecure.com/t/how-to-remove-kicksecure-and-revert-to-debian-12/488.html]
[forums.kicksecure.com/t/kicksecure-breaks-firefox-and-keepassxc/489.html]
[forums.kicksecure.com/letter_avatar_proxy/v4/letter/l/a4c791/25.png]
[forums.kicksecure.com/t/apt-files-not-working-after-kicksecure-installed-on-debian/486.html]
[forums.kicksecure.com/t/upgrade-12-5-to-12-6-error/484.html]
[forums.kicksecure.com/letter_avatar_proxy/v4/letter/w/b38774/25.png]
[forums.kicksecure.com/t/kicksecure-no-password-prompt-on-gnu-grub/483.html]
[forums.kicksecure.com/t/ethernet-network-wired-connection-not-working-after-fresh-install/479.html]
[forums.kicksecure.com/letter_avatar_proxy/v4/letter/k/5e9695/25.png]
[forums.kicksecure.com/t/no-live-mode-grub-entry-included-in-iso/480.html]
[forums.kicksecure.com/t/include-whonix-installer-with-kicksecure-live-iso/481.html]
[forums.kicksecure.com/c/development/7.rss]
[forums.kicksecure.com/t/guest-additions-windows-host/464.html]
[forums.kicksecure.com/letter_avatar_proxy/v4/letter/a/f6c823/25.png]
[forums.kicksecure.com/t/debian-kicksecure-morphing-fails-for-qubes-os/472.html]
[forums.kicksecure.com/t/configuring-default-umask/469.html]
[forums.kicksecure.com/c/development/72679.html]
[forums.kicksecure.com/t/certificate-verification-failed/470.html]
[forums.kicksecure.com/t/ansible-task-for-kicksecure-increasing-attack-surface/468.html]
[forums.kicksecure.com/user_avatar/forums.kicksecure.com/nagi/25/82_2.jpg]
[forums.kicksecure.com/t/can-you-take-advantage-of-the-security-benefits-of-boot-clock-randomization-even-when-sdwdate-is-disabled/457.html]
[forums.kicksecure.com/letter_avatar_proxy/v4/letter/a/f4b2a3/25.png]
[forums.kicksecure.com/t/updating-upgrading-as-user-without-being-in-sudo-group/449.html]
[forums.kicksecure.com/t/followed-wiki-but-get-error-for-whonix-install/454.html]
[forums.kicksecure.com/letter_avatar_proxy/v4/letter/g/96bed5/25.png]
[forums.kicksecure.com/t/would-randomizing-machine-id-each-boot-cause-issues/439.html]
[forums.kicksecure.com/t/how-can-i-use-podman-rootlessly/448.html]
[forums.kicksecure.com/t/enable-user-namespace-concern/446.html]
[forums.kicksecure.com/t/why-does-kicksecure-requires-a-user-with-username-user/443.html]
[forums.kicksecure.com/t/account-removal-anonymise-my-data-request/436.html]
[forums.kicksecure.com/letter_avatar_proxy/v4/letter/h/8491ac/25.png]
[forums.kicksecure.com/t/wanting-some-information/427.html]
[forums.kicksecure.com/t/how-to-enable-rdma/410.html]
[forums.kicksecure.com/t/hardening-parrot-home-edition/423.html]
[forums.kicksecure.com/t/hardened-kernel-update-inquiry/387.html]
[forums.kicksecure.com/t/can-we-keep-packaging-lkrg/385.html]
[forums.kicksecure.com/t/sudoers-issue-problem/403.html]
[forums.kicksecure.com/t/kicksecure-breaks-permissions-in-debian-12/397.html]
[forums.kicksecure.com/t/installing-kicksecure-breaks-nfs/396.html]
[forums.kicksecure.com/c/development/72679.html]
[forums.kicksecure.com/t/running-android-apps-inside-kicksecure-waydroid/304.html]
[forums.kicksecure.com/t/iso-development/371.html]
[forums.kicksecure.com/letter_avatar_proxy/v4/letter/t/ea666f/25.png]
[forums.kicksecure.com/t/kicksecure-firewall/378.html]
[forums.kicksecure.com/t/auditd-removal-due-to-journalctl-spam/463.html]
[forums.kicksecure.com/t/better-tracker-for-kicksecure-development-and-progress/438.html]
[forums.kicksecure.com/letter_avatar_proxy/v4/letter/s/6de8d8/25.png]
[forums.kicksecure.com/t/tor-project-is-resurrecting-secbrowser-as-mullvad-browser/101.html]
[forums.kicksecure.com/t/iso-error-message-during-boot-mount-sysroot-special-device-liveos-rootfs-does-not-exist/418.html]
[forums.kicksecure.com/tag/milestone_kicksecure_17.html]
[forums.kicksecure.com/t/microsoft-windows-iso-writer-documentation-write-kicksecure-iso-to-usb-balenaetcher-issues/434.html]
[forums.kicksecure.com/t/iso-change-to-unencrypted-boot-if-using-full-disk-encryption/420.html]
[forums.kicksecure.com/t/add-iso-and-version-number-to-boot-menu-of-iso/417.html]
[forums.kicksecure.com/t/meta-packages-kicksecure-desktop-versus-kicksecure-server/415.html]
[forums.kicksecure.com/t/install-to-system-desktop-icon-maximize-window/419.html]
[forums.kicksecure.com/letter_avatar_proxy/v4/letter/g/67e7ee/25.png]
[forums.kicksecure.com/t/calamares-installer-created-etc-fstab/416.html]
[forums.kicksecure.com/t/hardened-malloc-alternative/386.html]
[forums.kicksecure.com/t/sequoia-pgp-gpg-replacement-openpgp/260.html]
[forums.kicksecure.com/t/include-rng-tools5-by-default-to-copy-random-bits-from-tpm-to-dev-random/321.html]
[forums.kicksecure.com/t/upstream-patch-tracking-bug-blocking-haveged-updates/320.html]
[forums.kicksecure.com/t/iso-milestones/280.html]
[forums.kicksecure.com/letter_avatar_proxy/v4/letter/q/bc79bd/25.png]
[forums.kicksecure.com/t/consider-installing-systemd-oomd-by-default/223.html]
[forums.kicksecure.com/tag/milestone_kicksecure_17.html]
[forums.kicksecure.com/c/qubes/8.rss]
[forums.kicksecure.com/tag/status_closed_issue_implemented.html]
[forums.kicksecure.com/t/kicksecure-xfce-host-not-installable-in-debian-12-removed-dependency/152.html]
[forums.kicksecure.com/c/qubes/82679.html]
[forums.kicksecure.com/letter_avatar_proxy/v4/letter/h/e19b73/25.png]
[forums.kicksecure.com/t/systemcheck-wont-load-work-on-debian-12-next-release/130.html]
[forums.kicksecure.com/letter_avatar_proxy/v4/letter/a/f17d59/25.png]
[forums.kicksecure.com/t/apt-sources-list-one-line-format-versus-deb822-style-format/267.html]
[forums.kicksecure.com/letter_avatar_proxy/v4/letter/a/ba9def/25.png]
[forums.kicksecure.com/t/feature-request-integrate-vramfs-or-similar/259.html]
[forums.kicksecure.com/t/sdwdate-failed-to-start-in-debian-12-bookworm-next-release/134.html]
[forums.kicksecure.com/letter_avatar_proxy/v4/letter/f/dc4da7/25.png]
[forums.kicksecure.com/t/disabling-smt-in-security-misc-may-make-security-worse-on-some-power9-systems/100.html]
[forums.kicksecure.com/letter_avatar_proxy/v4/letter/u/8e7dd6/25.png]
[forums.kicksecure.com/t/can-blockchain-be-used-to-improve-the-security-of-an-operating-system/230.html]
[forums.kicksecure.com/letter_avatar_proxy/v4/letter/p/3be4f8/25.png]
[forums.kicksecure.com/t/adding-new-packages-will-be-installed-with-its-recommends/156.html]
[forums.kicksecure.com/letter_avatar_proxy/v4/letter/b/aeb1de/25.png]
[forums.kicksecure.com/t/propose-building-off-alpine-linux/107.html]
[forums.kicksecure.com/t/add-remove-extra-packages/135.html]
[forums.kicksecure.com/t/not-having-a-default-browser-and-pressing-on-web-browser-icon-in-xfce-will-give-annoying-bug/128.html]
[forums.kicksecure.com/letter_avatar_proxy/v4/letter/k/b3f665/25.png]
[forums.kicksecure.com/tag/status_closed_issue_implemented.html]
[forums.kicksecure.com/user_avatar/forums.kicksecure.com/iymsp/25/70_2.jpg]
[forums.kicksecure.com/c/qubes/82679.html]
[forums.kicksecure.com/c/virtualbox/92679.html]
[forums.kicksecure.com/t/about-the-qubes-category/140.html]
[forums.kicksecure.com/c/virtualbox/9.rss]
[forums.kicksecure.com/t/kicksecure-for-sys-qubes-and-sys-vpn/442.html]
[forums.kicksecure.com/t/unneeded-tor-activities-cause-cpu-spikes/433.html]
[forums.kicksecure.com/letter_avatar_proxy/v4/letter/s/eada6e/25.png]
[forums.kicksecure.com/t/sys-usbs-blueman-issues/430.html]
[forums.kicksecure.com/letter_avatar_proxy/v4/letter/m/59ef9b/25.png]
[forums.kicksecure.com/t/cannot-use-split-u2f-yubikey-website-authentication/165.html]
[forums.kicksecure.com/c/kvm/10.rss]
[forums.kicksecure.com/c/kvm/102679.html]
[forums.kicksecure.com/c/unsupported-platforms/112679.html]
[forums.kicksecure.com/t/installation-problem/205.html]
[forums.kicksecure.com/letter_avatar_proxy/v4/letter/b/f6c823/25.png]
[forums.kicksecure.com/t/using-tirdad-with-fsf-libre-kernel/188.html]
[forums.kicksecure.com/c/unsupported-platforms/11.rss]
[forums.kicksecure.com/t/degree-of-anonymity-kicksecure-vs-whonix-on-qubes-os/159.html]
[forums.kicksecure.com/c/virtualbox/92679.html]
[forums.kicksecure.com/c/apparmor/12.rss]
[forums.kicksecure.com/t/about-the-virtualbox-category/141.html]
[forums.kicksecure.com/c/apparmor/122679.html]
[forums.kicksecure.com/t/guru-meditation-vb-37-ver-not-supported/229.html]
[forums.kicksecure.com/c/kvm/102679.html]
[forums.kicksecure.com/c/organization/132679.html]
[forums.kicksecure.com/t/about-the-kvm-category/142.html]
[forums.kicksecure.com/c/organization/13.rss]
[forums.kicksecure.com/c/unsupported-platforms/112679.html]
[forums.kicksecure.com/t/about-the-unsupported-platforms-category/143.html]
[forums.kicksecure.com/t/is-kicksecure-systemd-agnostic/245.html]
[forums.kicksecure.com/c/apparmor/122679.html]
[forums.kicksecure.com/c/recycle-bin/162679.html]
[forums.kicksecure.com/c/recycle-bin/16.rss]
[forums.kicksecure.com/t/about-the-apparmor-category/144.html]
[forums.kicksecure.com/c/organization/132679.html]
[forums.kicksecure.com/t/about-the-organization-category/145.html]
[forums.kicksecure.com/about.html]
[forums.kicksecure.com/t/create-a-video-of-installation-from-iso/435.html]
[forums.kicksecure.com/t/proposal-base-distribution-developers-derivative-developers/374.html]
[forums.kicksecure.com/faq.html]
[forums.kicksecure.com/c/recycle-bin/162679.html]
[forums.kicksecure.com/t/about-the-recycle-bin-category/148.html]
[forums.kicksecure.com/about.html]
[forums.kicksecure.com/faq.html]
[forums.kicksecure.com/c/site-feedback.html]
[forums.kicksecure.com/stylesheets/color_definitions_base__3_bd4f1404aaee866c91f381280570c8e930e690db.css_; filename_=UTF-8''color_definitions_base__3_bd4f1404aaee866c91f381280570c8e930e690db6]
[forums.kicksecure.com/stylesheets/desktop_3e236566b701cbb0aa67079572820facff4ded52.css_; filename_=UTF-8''desktop_3e236566b701cbb0aa67079572820facff4ded5261cf.css]
[forums.kicksecure.com/stylesheets/discourse-details_3e236566b701cbb0aa67079572820facff4ded52.css_; filename_=UTF-8''discourse-details_3e236566b701cbb0aa67079572820facff4ded5261cf.css]
[forums.kicksecure.com/stylesheets/discourse-lazy-videos_3e236566b701cbb0aa67079572820facff4ded52.css_; filename_=UTF-8''discourse-lazy-videos_3e236566b701cbb0aa67079572820facff4ded5261cf.css]
[forums.kicksecure.com/stylesheets/discourse-local-dates_3e236566b701cbb0aa67079572820facff4ded52.css_; filename_=UTF-8''discourse-local-dates_3e236566b701cbb0aa67079572820facff4ded5261cf.css]
[forums.kicksecure.com/stylesheets/discourse-narrative-bot_3e236566b701cbb0aa67079572820facff4ded52.css_; filename_=UTF-8''discourse-narrative-bot_3e236566b701cbb0aa67079572820facff4ded5261cf]
[forums.kicksecure.com/t/kicksecure-17-2-0-1-all-platforms-point-release/492.rss]
[forums.kicksecure.com/stylesheets/discourse-presence_3e236566b701cbb0aa67079572820facff4ded52.css_; filename_=UTF-8''discourse-presence_3e236566b701cbb0aa67079572820facff4ded5261cf.css]
[forums.kicksecure.com/stylesheets/docker_manager_3e236566b701cbb0aa67079572820facff4ded52.css_; filename_=UTF-8''docker_manager_3e236566b701cbb0aa67079572820facff4ded5261cf.css]
[forums.kicksecure.com/t/about-the-news-category/15.rss]
[forums.kicksecure.com/uploads/default/original/1X/b25d14d50e56313c399bc031caf564b64756e72b.png]
[forums.kicksecure.com/stylesheets/poll_3e236566b701cbb0aa67079572820facff4ded52.css_; filename_=UTF-8''poll_3e236566b701cbb0aa67079572820facff4ded5261cf.css]
[forums.kicksecure.com/stylesheets/poll_desktop_3e236566b701cbb0aa67079572820facff4ded52.css_; filename_=UTF-8''poll_desktop_3e236566b701cbb0aa67079572820facff4ded5261cf.css]
[forums.kicksecure.com/stylesheets/desktop_theme_3_71ae7b194ea80371b6506bb9dd9881ff3ee8f36f.css_; filename_=UTF-8''desktop_theme_3_71ae7b194ea80371b6506bb9dd9881ff3ee8f36f61cf.css]
[forums.kicksecure.com/stylesheets/desktop_theme_2_c3388603bc91c0b1187638d4663cdf8a1b9e04ad.css_; filename_=UTF-8''desktop_theme_2_c3388603bc91c0b1187638d4663cdf8a1b9e04ad61cf.css]
[forums.kicksecure.com/stylesheets/color_definitions_base__3_d7925478b78896fa73ef2ebcdbeb3d1d74be1e10.css_; filename_=UTF-8''color_definitions_base__3_d7925478b78896fa73ef2ebcdbeb3d1d74be1e106]
[forums.kicksecure.com/stylesheets/desktop_abd70347051b833311e5a46e520a067d89e8df20.css_; filename_=UTF-8''desktop_abd70347051b833311e5a46e520a067d89e8df2061cf.css]
[forums.kicksecure.com/stylesheets/checklist_abd70347051b833311e5a46e520a067d89e8df20.css_; filename_=UTF-8''checklist_abd70347051b833311e5a46e520a067d89e8df2061cf.css]
[forums.kicksecure.com/stylesheets/discourse-details_abd70347051b833311e5a46e520a067d89e8df20.css_; filename_=UTF-8''discourse-details_abd70347051b833311e5a46e520a067d89e8df2061cf.css]
[forums.kicksecure.com/stylesheets/discourse-lazy-videos_abd70347051b833311e5a46e520a067d89e8df20.css_; filename_=UTF-8''discourse-lazy-videos_abd70347051b833311e5a46e520a067d89e8df2061cf.css]
[forums.kicksecure.com/stylesheets/discourse-local-dates_abd70347051b833311e5a46e520a067d89e8df20.css_; filename_=UTF-8''discourse-local-dates_abd70347051b833311e5a46e520a067d89e8df2061cf.css]
[forums.kicksecure.com/t/kicksecure-17-1-3-1-for-virtualbox-point-release/409.rss]
[forums.kicksecure.com/stylesheets/discourse-narrative-bot_abd70347051b833311e5a46e520a067d89e8df20.css_; filename_=UTF-8''discourse-narrative-bot_abd70347051b833311e5a46e520a067d89e8df2061cf]
[forums.kicksecure.com/stylesheets/discourse-presence_abd70347051b833311e5a46e520a067d89e8df20.css_; filename_=UTF-8''discourse-presence_abd70347051b833311e5a46e520a067d89e8df2061cf.css]
[forums.kicksecure.com/stylesheets/docker_manager_abd70347051b833311e5a46e520a067d89e8df20.css_; filename_=UTF-8''docker_manager_abd70347051b833311e5a46e520a067d89e8df2061cf.css]
[forums.kicksecure.com/stylesheets/poll_abd70347051b833311e5a46e520a067d89e8df20.css_; filename_=UTF-8''poll_abd70347051b833311e5a46e520a067d89e8df2061cf.css]
[forums.kicksecure.com/stylesheets/poll_desktop_abd70347051b833311e5a46e520a067d89e8df20.css_; filename_=UTF-8''poll_desktop_abd70347051b833311e5a46e520a067d89e8df2061cf.css]
[forums.kicksecure.com/stylesheets/desktop_theme_3_d47cda42bd7e8d16aa6292d4f30774fd12a20c41.css_; filename_=UTF-8''desktop_theme_3_d47cda42bd7e8d16aa6292d4f30774fd12a20c4161cf.css]
[forums.kicksecure.com/stylesheets/desktop_theme_2_9f7af3cb73ace4ab77fbfa9e3d24e5d4e790e013.css_; filename_=UTF-8''desktop_theme_2_9f7af3cb73ace4ab77fbfa9e3d24e5d4e790e01361cf.css]
[forums.kicksecure.com/t/updating-kicksecure-to-17-1-1-5-breaks-grub-live/358.html]
[forums.kicksecure.com/stylesheets/color_definitions_base__3_23c1d23aaa7331d39852b3a66053c33844121e9e.css_; filename_=UTF-8''color_definitions_base__3_23c1d23aaa7331d39852b3a66053c33844121e9e6]
[forums.kicksecure.com/stylesheets/desktop_f44f5a9748e43fe2a56a55aac20b030e92ec0ed6.css_; filename_=UTF-8''desktop_f44f5a9748e43fe2a56a55aac20b030e92ec0ed661cf.css]
[forums.kicksecure.com/stylesheets/discourse-details_f44f5a9748e43fe2a56a55aac20b030e92ec0ed6.css_; filename_=UTF-8''discourse-details_f44f5a9748e43fe2a56a55aac20b030e92ec0ed661cf.css]
[forums.kicksecure.com/stylesheets/discourse-lazy-videos_f44f5a9748e43fe2a56a55aac20b030e92ec0ed6.css_; filename_=UTF-8''discourse-lazy-videos_f44f5a9748e43fe2a56a55aac20b030e92ec0ed661cf.css]
[forums.kicksecure.com/t/kicksecure-17-1-1-5-for-virtualbox-point-release/356.rss]
[forums.kicksecure.com/stylesheets/discourse-local-dates_f44f5a9748e43fe2a56a55aac20b030e92ec0ed6.css_; filename_=UTF-8''discourse-local-dates_f44f5a9748e43fe2a56a55aac20b030e92ec0ed661cf.css]
[forums.kicksecure.com/stylesheets/discourse-narrative-bot_f44f5a9748e43fe2a56a55aac20b030e92ec0ed6.css_; filename_=UTF-8''discourse-narrative-bot_f44f5a9748e43fe2a56a55aac20b030e92ec0ed661cf]
[forums.kicksecure.com/stylesheets/discourse-presence_f44f5a9748e43fe2a56a55aac20b030e92ec0ed6.css_; filename_=UTF-8''discourse-presence_f44f5a9748e43fe2a56a55aac20b030e92ec0ed661cf.css]
[forums.kicksecure.com/stylesheets/docker_manager_f44f5a9748e43fe2a56a55aac20b030e92ec0ed6.css_; filename_=UTF-8''docker_manager_f44f5a9748e43fe2a56a55aac20b030e92ec0ed661cf.css]
[forums.kicksecure.com/stylesheets/poll_f44f5a9748e43fe2a56a55aac20b030e92ec0ed6.css_; filename_=UTF-8''poll_f44f5a9748e43fe2a56a55aac20b030e92ec0ed661cf.css]
[forums.kicksecure.com/stylesheets/poll_desktop_f44f5a9748e43fe2a56a55aac20b030e92ec0ed6.css_; filename_=UTF-8''poll_desktop_f44f5a9748e43fe2a56a55aac20b030e92ec0ed661cf.css]
[forums.kicksecure.com/stylesheets/desktop_theme_3_8957c102fa56e2746cf314a181dafff36a2cf2c1.css_; filename_=UTF-8''desktop_theme_3_8957c102fa56e2746cf314a181dafff36a2cf2c161cf.css]
[forums.kicksecure.com/stylesheets/desktop_theme_2_c4c5b3c385c670fe577719fafbd1d4b4bff7b6cd.css_; filename_=UTF-8''desktop_theme_2_c4c5b3c385c670fe577719fafbd1d4b4bff7b6cd61cf.css]
[forums.kicksecure.com/stylesheets/color_definitions_base__3_71e2d6280b2eb9bc1d97797c57091e1891f5abc3.css_; filename_=UTF-8''color_definitions_base__3_71e2d6280b2eb9bc1d97797c57091e1891f5abc36]
[forums.kicksecure.com/stylesheets/desktop_a636a8be0bc645970524e428507be6c1fad35f88.css_; filename_=UTF-8''desktop_a636a8be0bc645970524e428507be6c1fad35f8861cf.css]
[forums.kicksecure.com/stylesheets/discourse-details_a636a8be0bc645970524e428507be6c1fad35f88.css_; filename_=UTF-8''discourse-details_a636a8be0bc645970524e428507be6c1fad35f8861cf.css]
[forums.kicksecure.com/stylesheets/discourse-lazy-videos_a636a8be0bc645970524e428507be6c1fad35f88.css_; filename_=UTF-8''discourse-lazy-videos_a636a8be0bc645970524e428507be6c1fad35f8861cf.css]
[forums.kicksecure.com/stylesheets/discourse-local-dates_a636a8be0bc645970524e428507be6c1fad35f88.css_; filename_=UTF-8''discourse-local-dates_a636a8be0bc645970524e428507be6c1fad35f8861cf.css]
[forums.kicksecure.com/stylesheets/discourse-narrative-bot_a636a8be0bc645970524e428507be6c1fad35f88.css_; filename_=UTF-8''discourse-narrative-bot_a636a8be0bc645970524e428507be6c1fad35f8861cf]
[forums.kicksecure.com/t/kicksecure-17-1-0-2-for-virtualbox-point-release/340.rss]
[forums.kicksecure.com/stylesheets/discourse-presence_a636a8be0bc645970524e428507be6c1fad35f88.css_; filename_=UTF-8''discourse-presence_a636a8be0bc645970524e428507be6c1fad35f8861cf.css]
[forums.kicksecure.com/stylesheets/docker_manager_a636a8be0bc645970524e428507be6c1fad35f88.css_; filename_=UTF-8''docker_manager_a636a8be0bc645970524e428507be6c1fad35f8861cf.css]
[forums.kicksecure.com/stylesheets/poll_a636a8be0bc645970524e428507be6c1fad35f88.css_; filename_=UTF-8''poll_a636a8be0bc645970524e428507be6c1fad35f8861cf.css]
[forums.kicksecure.com/tag/important-news695b.html]
[forums.kicksecure.com/stylesheets/poll_desktop_a636a8be0bc645970524e428507be6c1fad35f88.css_; filename_=UTF-8''poll_desktop_a636a8be0bc645970524e428507be6c1fad35f8861cf.css]
[forums.kicksecure.com/stylesheets/desktop_theme_3_279a75074989c43988f658fe9275d0d4f61c3ce9.css_; filename_=UTF-8''desktop_theme_3_279a75074989c43988f658fe9275d0d4f61c3ce961cf.css]
[forums.kicksecure.com/t/kicksecure-17-0-4-5-for-virtualbox-point-release/312.rss]
[forums.kicksecure.com/stylesheets/desktop_theme_2_ed20f29197dac353baa95a78efec98217b84f468.css_; filename_=UTF-8''desktop_theme_2_ed20f29197dac353baa95a78efec98217b84f46861cf.css]
[forums.kicksecure.com/tag/important-news695b.html]
[forums.kicksecure.com/t/kicksecure-17-has-been-released-debian-12-bookworm-based-major-release/284.rss]
[forums.kicksecure.com/stylesheets/desktop_theme_2_418e371314682388d9d0be3a7898a5b8a236e439.css_; filename_=UTF-8''desktop_theme_2_418e371314682388d9d0be3a7898a5b8a236e43961cf.css]
[forums.kicksecure.com/t/livecheck-sh-script-broken-on-bookworm/269/13.html]
[forums.kicksecure.com/t/kicksecure-17-0-3-0-for-virtualbox-major-release-debian-12-bookworm-based-testers-wanted/281.html]
[forums.kicksecure.com/t/kicksecure-16-0-9-8-for-virtualbox-point-release/222.rss]
[forums.kicksecure.com/t/kicksecure-17-0-1-9-for-virtualbox-major-release-debian-12-bookworm-based-testers-wanted/275.html]
[forums.kicksecure.com/t/kicksecure-16-1-1-5-for-virtualbox-point-release/264.html]
[forums.kicksecure.com/t/kicksecure-16-0-8-2-for-virtualbox-point-release/114.rss]
[forums.kicksecure.com/t/kicksecure-16-0-9-0-for-virtualbox-point-release/160.rss]
[forums.kicksecure.com/t/kicksecure-logo-draft/20.rss]
[forums.kicksecure.com/t/kicksecure-16-0-9-0-kvm-point-release/191.html]
[forums.kicksecure.com/t/add-remove-extra-packages/135/4.html]
[forums.kicksecure.com/t/kicksecure-logo-draft/204658.html]
[forums.kicksecure.com/uploads/default/original/1X/980ea89dcfb830e3913ced130393d0aad89b49b7.jpg]
[forums.kicksecure.com/images/emoji/twitter/winkc164.png]
[forums.kicksecure.com/uploads/default/original/1X/b964f1f2b31fd834d090bfc56662d0e7e1402c2a.jpg]
[forums.kicksecure.com/uploads/default/original/1X/b948dcba920668c465cb560ae32ce4bb102de928.jpg]
[forums.kicksecure.com/uploads/default/original/1X/c21381b54858e6ac208bc4ef43525abb0dace053.jpg]
[forums.kicksecure.com/uploads/default/original/1X/089fdb57e22bb100822b2012f4e0b8eabd1c0fa7.jpg]
[forums.kicksecure.com/uploads/default/original/1X/3ec2207e8896566e54e81926ac8b335847b85415.jpg]
[forums.kicksecure.com/uploads/default/original/1X/068a3f94b95b9772c25e0395d9fa135db62c9a88.jpg]
[forums.kicksecure.com/uploads/default/original/1X/b3ccbedbc7b10a72cb7b216b6a52a4091ef59c72.jpg]
[forums.kicksecure.com/uploads/default/original/1X/5d573483f2ba5605731f37db8358720ff7b2b98a.jpg]
[forums.kicksecure.com/uploads/default/original/1X/c8aea5e128fc5729b5076991aec3530755451f4e.jpg]
[forums.kicksecure.com/uploads/default/original/1X/20da426e577f5a0946ef0c090a3ad96209900042.jpg]
[forums.kicksecure.com/uploads/default/original/1X/e496f63c1b4cdebca5faf5174f0704dcfa28e1be.jpg]
[forums.kicksecure.com/uploads/default/original/1X/5bdbe9a69bc204385eb7ba52c0cd7a454243b0bd.jpg]
[forums.kicksecure.com/uploads/default/original/1X/f4b637e648bc5f9dbfb27ea35c5ee3de7e2a7ea0.jpg]
[forums.kicksecure.com/uploads/default/original/1X/ba8021e611123b7bd7760f59691997b8379d2531.jpg]
[forums.kicksecure.com/uploads/default/original/1X/1d342ad0098cfc0c1a89550e668f30047779c390.jpg]
[forums.kicksecure.com/uploads/default/original/1X/d5c6f80deee68bb0d430216c6f43c115ea507e24.jpg]
[forums.kicksecure.com/uploads/default/original/1X/9ca7000fa88000b74ca261c01e7dbc0e0d1e1d91.jpg]
[forums.kicksecure.com/t/modernize-website/370.rss]
[forums.kicksecure.com/t/no-valid-pgp-data-found/186.rss]
[forums.kicksecure.com/stylesheets/footnote_abd70347051b833311e5a46e520a067d89e8df20.css_; filename_=UTF-8''footnote_abd70347051b833311e5a46e520a067d89e8df2061cf.css]
[forums.kicksecure.com/t/remove-replace-broken-links-at-kicksecure-com/150.rss]
[forums.kicksecure.com/t/reply-to-forums-via-e-mail-test-forum-thread/67.rss]
[forums.kicksecure.com/stylesheets/spoiler-alert_abd70347051b833311e5a46e520a067d89e8df20.css_; filename_=UTF-8''spoiler-alert_abd70347051b833311e5a46e520a067d89e8df2061cf.css]
[forums.kicksecure.com/c/support/6.json]
[forums.kicksecure.com/c/support/64658.html]
[forums.kicksecure.com/letter_avatar_proxy/v4/letter/k/4da419/25.png]
[forums.kicksecure.com/t/remove-replace-broken-links-at-kicksecure-com/&quot;https_/forums.kicksecure.html]
[forums.kicksecure.com/letter_avatar_proxy/v4/letter/s/3ab097/25.png]
[forums.kicksecure.com/t/remove-replace-broken-links-at-kicksecure-com/_https_/forums.kicksecure.html]
[forums.kicksecure.com/letter_avatar_proxy/v4/letter/k/8491ac/25.png]
[forums.kicksecure.com/t/remove-replace-broken-links-at-kicksecure-com/_https_/dl.acm.org/citation06aa.html]
[forums.kicksecure.com/c/support/64658.html]
[forums.kicksecure.com/letter_avatar_proxy/v4/letter/d/53a042/25.png]
[forums.kicksecure.com/t/live-mode-menu-does-not-appear-after-clean-install/389.html]
[forums.kicksecure.com/t/how-is-kicksecure-working-with-openstack/384.html]
[forums.kicksecure.com/t/security-misc-breaks-network-connectivity/376.html]
[forums.kicksecure.com/t/security-misc-breaks-lkrg/379.html]
[forums.kicksecure.com/t/how-to-install-minimal-kicksecure/377.html]
[forums.kicksecure.com/letter_avatar_proxy/v4/letter/q/e9bcb4/25.png]
[forums.kicksecure.com/t/how-do-i-install-kicksecure-without-installing-or-using-anything-tor-related/316.html]
[forums.kicksecure.com/t/hardened-malloc-breaks-php-and-lighthttpd/368.html]
[forums.kicksecure.com/letter_avatar_proxy/v4/letter/g/b5e925/25.png]
[forums.kicksecure.com/letter_avatar_proxy/v4/letter/f/c0e974/25.png]
[forums.kicksecure.com/letter_avatar_proxy/v4/letter/w/8c91f0/25.png]
[forums.kicksecure.com/t/kicksecure-as-server-os/354.html]
[forums.kicksecure.com/letter_avatar_proxy/v4/letter/t/6de8d8/25.png]
[forums.kicksecure.com/t/sysctl-conf-configuration/366.html]
[forums.kicksecure.com/t/logical-cpu-cores-in-virt-manager-halved-after-installing-kicksecure-on-host/348.html]
[forums.kicksecure.com/letter_avatar_proxy/v4/letter/s/b3f665/25.png]
[forums.kicksecure.com/t/unable-access-to-web-using-expressvpn/352.html]
[forums.kicksecure.com/user_avatar/forums.kicksecure.com/pxlkng/25/78_2.jpg]
[forums.kicksecure.com/t/openvpn-cant-connect-after-the-recent-kicksecure-updates/350.html]
[forums.kicksecure.com/t/livecheck-sh-script-broken-on-bookworm/269.html]
[forums.kicksecure.com/letter_avatar_proxy/v4/letter/j/46a35a/25.png]
[forums.kicksecure.com/t/passwd-dont-work-anymore-after-the-latest-kicksecure-update/347.html]
[forums.kicksecure.com/t/networkmanager-hardening-configs-of-securitymisc-are-missing-on-kicksecure-qcow2-image/343.html]
[forums.kicksecure.com/t/live-mode-vm-virtualbox/339.html]
[forums.kicksecure.com/t/error-at-dkms-status-for-tirdad-and-lkrg-warning-diff-between-built-and-installed-module/342.html]
[forums.kicksecure.com/letter_avatar_proxy/v4/letter/i/e495f1/25.png]
[forums.kicksecure.com/t/beyond-blocking-debian-signed-onionized-sources-for-qubes-template/332.html]
[forums.kicksecure.com/user_avatar/forums.kicksecure.com/mh4speech/25/30_2.png]
[forums.kicksecure.com/t/confusing-information-about-installing-kicksecure-cli-host-or-kicksecure-xfce-host/330.html]
[forums.kicksecure.com/t/qubes-os-in-place-upgrade-from-16-to-17-changed-vm-monitor-behavior/323.html]
[forums.kicksecure.com/letter_avatar_proxy/v4/letter/n/ba8739/25.png]
[forums.kicksecure.com/t/using-python3-with-kicksecure/311.html]
[forums.kicksecure.com/t/lost-operability-after-update/318.html]
[forums.kicksecure.com/letter_avatar_proxy/v4/letter/s/49beb7/25.png]
[forums.kicksecure.com/t/no-signature-keys-available/298.html]
[forums.kicksecure.com/letter_avatar_proxy/v4/letter/p/898d66/25.png]
[forums.kicksecure.com/letter_avatar_proxy/v4/letter/l/ebca7d/25.png]
[forums.kicksecure.com/t/vm-morph-debian-to-kicksecure-no-preinstall-tools/291.html]
[forums.kicksecure.com/t/lkrg-kill-onion-grater/288.html]
[forums.kicksecure.com/letter_avatar_proxy/v4/letter/r/d9b06d/25.png]
[forums.kicksecure.com/t/transparent-tor-proxy/283.html]
[forums.kicksecure.com/t/apt-traffic-and-vpn/276.html]
[forums.kicksecure.com/letter_avatar_proxy/v4/letter/d/9dc877/25.png]
[forums.kicksecure.com/t/dracut-debain-12-kicksecure-distromorph-for-ram-wipe/274.html]
[forums.kicksecure.com/t/permission-hardener-broken/487.rss]
[forums.kicksecure.com/letter_avatar_proxy/v4/letter/d/da6949/25.png]
[forums.kicksecure.com/t/tor-reports-warn-bootstrap-progress-5-tag-conn-summary-connecting-to-a-relay/266.html]
[forums.kicksecure.com/letter_avatar_proxy/v4/letter/s/8491ac/48.png]
[forums.kicksecure.com/t/how-to-remove-kicksecure-and-revert-to-debian-12/488.rss]
[forums.kicksecure.com/t/kicksecure-breaks-firefox-and-keepassxc/489.rss]
[forums.kicksecure.com/t/apt-files-not-working-after-kicksecure-installed-on-debian/486.rss]
[forums.kicksecure.com/t/ethernet-network-wired-connection-not-working-after-fresh-install/479.rss]
[forums.kicksecure.com/t/upgrade-12-5-to-12-6-error/484.rss]
[forums.kicksecure.com/t/kicksecure-no-password-prompt-on-gnu-grub/483.rss]
[forums.kicksecure.com/images/emoji/twitter/slight_smilee5bf.png]
[forums.kicksecure.com/images/emoji/twitter/frowninge5bf.png]
[forums.kicksecure.com/letter_avatar_proxy/v4/letter/e/3ab097/48.png]
[forums.kicksecure.com/t/no-live-mode-grub-entry-included-in-iso/480.rss]
[forums.kicksecure.com/t/include-whonix-installer-with-kicksecure-live-iso/481.rss]
[forums.kicksecure.com/t/guest-additions-windows-host/464.rss]
[forums.kicksecure.com/t/debian-kicksecure-morphing-fails-for-qubes-os/472.rss]
[forums.kicksecure.com/letter_avatar_proxy/v4/letter/v/7feea3/48.png]
[forums.kicksecure.com/images/emoji/twitter/man_facepalminge5bf.png]
[forums.kicksecure.com/t/configuring-default-umask/469.rss]
[forums.kicksecure.com/t/certificate-verification-failed/470.rss]
[forums.kicksecure.com/t/ansible-task-for-kicksecure-increasing-attack-surface/468.rss]
[forums.kicksecure.com/t/can-you-take-advantage-of-the-security-benefits-of-boot-clock-randomization-even-when-sdwdate-is-disabled/457.rss]
[forums.kicksecure.com/images/emoji/twitter/winke5bf.png]
[forums.kicksecure.com/t/updating-upgrading-as-user-without-being-in-sudo-group/449.rss]
[forums.kicksecure.com/letter_avatar_proxy/v4/letter/c/3e96dc/48.png]
[forums.kicksecure.com/t/followed-wiki-but-get-error-for-whonix-install/454.rss]
[forums.kicksecure.com/t/would-randomizing-machine-id-each-boot-cause-issues/439.rss]
[forums.kicksecure.com/t/how-can-i-use-podman-rootlessly/448.rss]
[forums.kicksecure.com/t/enable-user-namespace-concern/446.rss]
[forums.kicksecure.com/t/why-does-kicksecure-requires-a-user-with-username-user/443.rss]
[forums.kicksecure.com/t/account-removal-anonymise-my-data-request/436.rss]
[forums.kicksecure.com/images/emoji/twitter/hearte5bf.png]
[forums.kicksecure.com/t/wanting-some-information/427.rss]
[forums.kicksecure.com/letter_avatar_proxy/v4/letter/p/f9ae1b/48.png]
[forums.kicksecure.com/t/how-to-enable-rdma/410.rss]
[forums.kicksecure.com/t/hardening-parrot-home-edition/423.rss]
[forums.kicksecure.com/t/hardened-kernel-update-inquiry/387.rss]
[forums.kicksecure.com/t/can-we-keep-packaging-lkrg/385.rss]
[forums.kicksecure.com/t/sudoers-issue-problem/403.rss]
[forums.kicksecure.com/t/kicksecure-breaks-permissions-in-debian-12/397.rss]
[forums.kicksecure.com/letter_avatar_proxy/v4/letter/a/f6c823/48.png]
[forums.kicksecure.com/t/installing-kicksecure-breaks-nfs/396.rss]
[forums.kicksecure.com/c/development/7.json]
[forums.kicksecure.com/c/development/74658.html]
[forums.kicksecure.com/c/development/74658.html]
[forums.kicksecure.com/t/add-pyqt5-dev-tool-dependency-to-kicksecure-dependencies/129.html]
[forums.kicksecure.com/letter_avatar_proxy/v4/letter/n/e495f1/25.png]
[forums.kicksecure.com/t/changing-kicksecure-repository-to-tester-will-add-tor-by-default-to-the-repo/127.html]
[forums.kicksecure.com/t/disable-unnecessary-startup-processes-e-g-evolution-calendar/126.html]
[forums.kicksecure.com/t/derivative-maker-build-script-running-as-user-versus-root-versus-sudo-design/76.html]
[forums.kicksecure.com/t/running-android-apps-inside-kicksecure-waydroid/304.rss]
[forums.kicksecure.com/letter_avatar_proxy/v4/letter/a/edb3f5/48.png]
[forums.kicksecure.com/t/block-browser-startup-in-template-vms/71.html]
[forums.kicksecure.com/t/iso-development/371.rss]
[forums.kicksecure.com/t/kicksecure-firewall/378.rss]
[forums.kicksecure.com/t/make-systemcheck-gui-give-better-message-when-no-tor-connection-detected/61.html]
[forums.kicksecure.com/t/consider-firewall-by-default/57.html]
[forums.kicksecure.com/t/how-do-i-install-kicksecure-without-installing-or-using-anything-tor-related/316/3.html]
[forums.kicksecure.com/t/auditd-removal-due-to-journalctl-spam/463.rss]
[forums.kicksecure.com/t/better-tracker-for-kicksecure-development-and-progress/438.rss]
[forums.kicksecure.com/t/tor-project-is-resurrecting-secbrowser-as-mullvad-browser/101.rss]
[forums.kicksecure.com/t/iso-error-message-during-boot-mount-sysroot-special-device-liveos-rootfs-does-not-exist/418.rss]
[forums.kicksecure.com/t/kicksecure-17-0-1-9-for-virtualbox-major-release-debian-12-bookworm-based-testers-wanted/275/1.html]
[forums.kicksecure.com/letter_avatar_proxy/v4/letter/j/f475e1/48.png]
[forums.kicksecure.com/images/emoji/twitter/crye5bf.png]
[forums.kicksecure.com/t/microsoft-windows-iso-writer-documentation-write-kicksecure-iso-to-usb-balenaetcher-issues/434.rss]
[forums.kicksecure.com/t/iso-change-to-unencrypted-boot-if-using-full-disk-encryption/420.rss]
[forums.kicksecure.com/t/add-iso-and-version-number-to-boot-menu-of-iso/417.rss]
[forums.kicksecure.com/t/meta-packages-kicksecure-desktop-versus-kicksecure-server/415.rss]
[forums.kicksecure.com/t/install-to-system-desktop-icon-maximize-window/419.rss]
[forums.kicksecure.com/t/sequoia-pgp-gpg-replacement-openpgp/260.rss]
[forums.kicksecure.com/t/calamares-installer-created-etc-fstab/416.rss]
[forums.kicksecure.com/t/hardened-malloc-alternative/386.rss]
[forums.kicksecure.com/stylesheets/desktop_theme_3_a8dee6b994b2db61dc1c68c825c77aa9a41e91fa.css_; filename_=UTF-8''desktop_theme_3_a8dee6b994b2db61dc1c68c825c77aa9a41e91fa61cf.css]
[forums.kicksecure.com/t/include-rng-tools5-by-default-to-copy-random-bits-from-tpm-to-dev-random/321.rss]
[forums.kicksecure.com/letter_avatar_proxy/v4/letter/t/ea666f/48.png]
[forums.kicksecure.com/t/upstream-patch-tracking-bug-blocking-haveged-updates/320.rss]
[forums.kicksecure.com/t/iso-milestones/280.rss]
[forums.kicksecure.com/t/kicksecure-xfce-host-not-installable-in-debian-12-removed-dependency/152.rss]
[forums.kicksecure.com/t/consider-installing-systemd-oomd-by-default/223.rss]
[forums.kicksecure.com/tag/milestone_kicksecure_17d64f.html]
[forums.kicksecure.com/tag/milestone_kicksecure_17d64f.html]
[forums.kicksecure.com/uploads/default/original/1X/7f3cd4d4acdf3cc5766f4f3154328001f0c30e87.png]
[forums.kicksecure.com/t/systemcheck-wont-load-work-on-debian-12-next-release/130.rss]
[forums.kicksecure.com/uploads/default/original/1X/368efed5cb24a70450bc44ebb909d8497aaf9576.png]
[forums.kicksecure.com/letter_avatar_proxy/v4/letter/p/b2d939/40.png]
[forums.kicksecure.com/t/add-pyqt5-dev-tool-dependency-to-kicksecure-dependencies/129/2.html]
[forums.kicksecure.com/uploads/default/original/1X/faac9fcc7fd04414796db1141efebed857e29b94.png]
[forums.kicksecure.com/t/sdwdate-failed-to-start-in-debian-12-bookworm-next-release/134.rss]
[forums.kicksecure.com/letter_avatar_proxy/v4/letter/n/8e7dd6/40.png]
[forums.kicksecure.com/t/apt-sources-list-one-line-format-versus-deb822-style-format/267.rss]
[forums.kicksecure.com/t/disabling-smt-in-security-misc-may-make-security-worse-on-some-power9-systems/100.rss]
[forums.kicksecure.com/t/feature-request-integrate-vramfs-or-similar/259.rss]
[forums.kicksecure.com/t/can-blockchain-be-used-to-improve-the-security-of-an-operating-system/230.rss]
[forums.kicksecure.com/t/adding-new-packages-will-be-installed-with-its-recommends/156.rss]
[forums.kicksecure.com/uploads/default/original/1X/29d74d037a03e62396e2dc36e92729fc56c13814.png]
[forums.kicksecure.com/t/add-remove-extra-packages/135.rss]
[forums.kicksecure.com/t/propose-building-off-alpine-linux/107.rss]
[forums.kicksecure.com/uploads/default/original/1X/74d4bfcfc915acc911377e36e36dae76e00a229a.png]
[forums.kicksecure.com/t/not-having-a-default-browser-and-pressing-on-web-browser-icon-in-xfce-will-give-annoying-bug/128.rss]
[forums.kicksecure.com/tag/status_closed_issue_implementede7e3.html]
[forums.kicksecure.com/t/about-the-qubes-category/140.rss]
[forums.kicksecure.com/t/kicksecure-for-sys-qubes-and-sys-vpn/442.rss]
[forums.kicksecure.com/t/unneeded-tor-activities-cause-cpu-spikes/433.rss]
[forums.kicksecure.com/letter_avatar_proxy/v4/letter/a/ba9def/48.png]
[forums.kicksecure.com/t/sys-usbs-blueman-issues/430.rss]
[forums.kicksecure.com/t/cannot-use-split-u2f-yubikey-website-authentication/165.rss]
[forums.kicksecure.com/t/installation-problem/205.rss]
[forums.kicksecure.com/t/enabling-open-link-confirmation/111/4.html]
[forums.kicksecure.com/tag/status_closed_issue_implementede7e3.html]
[forums.kicksecure.com/images/emoji/twitter/grine5bf.png]
[forums.kicksecure.com/t/using-tirdad-with-fsf-libre-kernel/188.rss]
[forums.kicksecure.com/t/degree-of-anonymity-kicksecure-vs-whonix-on-qubes-os/159.rss]
[forums.kicksecure.com/t/about-the-virtualbox-category/141.rss]
[forums.kicksecure.com/t/guru-meditation-vb-37-ver-not-supported/229.rss]
[forums.kicksecure.com/t/about-the-kvm-category/142.rss]
[forums.kicksecure.com/t/about-the-unsupported-platforms-category/143.rss]
[forums.kicksecure.com/t/is-kicksecure-systemd-agnostic/245.rss]
[forums.kicksecure.com/t/about-the-apparmor-category/144.rss]
[forums.kicksecure.com/t/about-the-organization-category/145.rss]
[forums.kicksecure.com/t/create-a-video-of-installation-from-iso/435.rss]
[forums.kicksecure.com/t/proposal-base-distribution-developers-derivative-developers/374.rss]
[forums.kicksecure.com/t/about-the-recycle-bin-category/148.rss]
[forums.kicksecure.com/t/modernize-website/370/2.html]
[forums.kicksecure.com/letter_avatar_proxy/v4/letter/p/b2d939/45.png]
[forums.kicksecure.com/t/updating-kicksecure-to-17-1-1-5-breaks-grub-live/358.rss]
[forums.kicksecure.com/letter_avatar_proxy/v4/letter/h/e19b73/45.png]
[forums.kicksecure.com/letter_avatar_proxy/v4/letter/h/edb3f5/45.png]
[forums.kicksecure.com/t/livecheck-sh-script-broken-on-bookworm/269.rss]
[forums.kicksecure.com/letter_avatar_proxy/v4/letter/n/8e7dd6/45.png]
[forums.kicksecure.com/t/live-mode-menu-does-not-appear-after-clean-install/389/4.html]
[forums.kicksecure.com/t/live-mode-menu-does-not-appear-after-clean-install/389/12.html]
[forums.kicksecure.com/t/kicksecure-17-0-3-0-for-virtualbox-major-release-debian-12-bookworm-based-testers-wanted/281.rss]
[forums.kicksecure.com/t/kicksecure-17-0-1-9-for-virtualbox-major-release-debian-12-bookworm-based-testers-wanted/275.rss]
[forums.kicksecure.com/t/kicksecure-16-1-1-5-for-virtualbox-point-release/264.rss]
[forums.kicksecure.com/t/kicksecure-no-screen-lock-installed/221.html]
[forums.kicksecure.com/t/kicksecure-16-0-9-0-kvm-point-release/191.rss]
[forums.kicksecure.com/t/sdwdate-failed-to-start-in-debian-12-bookworm-next-release/134/6.html]
[forums.kicksecure.com/images/emoji/twitter/sunglassese5bf.png]
[forums.kicksecure.com/t/kicksecure-16-0-8-2-for-virtualbox-point-release/114/1.html]
[forums.kicksecure.com/letter_avatar_proxy/v4/letter/p/b2d939/48.png]
[forums.kicksecure.com/t/domain-clientdeleteprohibited-status/179.rss]
[forums.kicksecure.com/t/rss-feeds-for-the-project/234.rss]
[forums.kicksecure.com/c/support/69ba9.html]
[forums.kicksecure.com/c/support/69ba9.html]
[forums.kicksecure.com/letter_avatar_proxy/v4/letter/s/e0b2c6/25.png]
[forums.kicksecure.com/t/cannot-get-sdwdate-to-sync/25.html]
[forums.kicksecure.com/t/performance-how-do-i-turn-smt-back-on/261.html]
[forums.kicksecure.com/letter_avatar_proxy/v4/letter/i/df705f/25.png]
[forums.kicksecure.com/letter_avatar_proxy/v4/letter/w/8e8cbc/25.png]
[forums.kicksecure.com/t/sudoless-kicksecure/139.html]
[forums.kicksecure.com/letter_avatar_proxy/v4/letter/r/e495f1/25.png]
[forums.kicksecure.com/t/hardware-detection-problems-cd-rom-special-device-dev-sr0-does-not-exist-and-hp-laserjet-4-printer-hplip-does-not-detect/256.html]
[forums.kicksecure.com/t/questions-about-lkrg-and-debians-hardening-runtime-package/242.html]
[forums.kicksecure.com/t/questions-about-further-hardening-and-the-harden-kernel-package/241.html]
[forums.kicksecure.com/letter_avatar_proxy/v4/letter/a/bcef8e/25.png]
[forums.kicksecure.com/t/recent-version-of-kicksecure-slow-network-performance/240.html]
[forums.kicksecure.com/t/repository-metada-has-date-in-the-future-prevents-apt-get-update-to-work/238.html]
[forums.kicksecure.com/t/printer-troubles/236.html]
[forums.kicksecure.com/t/what-are-the-biggest-dos-and-donts-of-kicksecure/232.html]
[forums.kicksecure.com/letter_avatar_proxy/v4/letter/y/6a8cbe/25.png]
[forums.kicksecure.com/t/is-kicksecure-right-for-me/227.html]
[forums.kicksecure.com/t/public-key-not-available/43.html]
[forums.kicksecure.com/t/mullvadvpn-and-opensnitch-on-kicksecure/195.html]
[forums.kicksecure.com/t/trouble-installing-kicksecure-qubes-gui-in-qubes/170.html]
[forums.kicksecure.com/letter_avatar_proxy/v4/letter/b/ee59a6/25.png]
[forums.kicksecure.com/t/trying-to-morph-kicksecure-on-debian-bullseye/17.html]
[forums.kicksecure.com/letter_avatar_proxy/v4/letter/w/e8c25b/25.png]
[forums.kicksecure.com/letter_avatar_proxy/v4/letter/c/c57346/25.png]
[forums.kicksecure.com/t/clean-installing-ks-on-debian-11-cli-hit-security-misc-error/124.html]
[forums.kicksecure.com/letter_avatar_proxy/v4/letter/l/4bbf92/25.png]
[forums.kicksecure.com/t/enabling-open-link-confirmation/111.html]
[forums.kicksecure.com/t/using-kicksecure-xfce-vm-as-offline-cold-storage/122.html]
[forums.kicksecure.com/letter_avatar_proxy/v4/letter/h/da6949/25.png]
[forums.kicksecure.com/t/installing-openvpn-client-permission-denied/125.html]
[forums.kicksecure.com/t/intel-tiger-lake-sof-sound-driver/103.html]
[forums.kicksecure.com/t/problem-with-hardended-malloc/118.html]
[forums.kicksecure.com/letter_avatar_proxy/v4/letter/e/ba9def/25.png]
[forums.kicksecure.com/t/noob-questions-about-sudo-and-suid-cli-vs-gui/99.html]
[forums.kicksecure.com/letter_avatar_proxy/v4/letter/a/96bed5/25.png]
[forums.kicksecure.com/t/hostname-incorrect/97.html]
[forums.kicksecure.com/t/everything-works-just-one-question-about-networking/96.html]
[forums.kicksecure.com/t/kicksecure-default-applications-missing/93.html]
[forums.kicksecure.com/letter_avatar_proxy/v4/letter/s/aeb1de/25.png]
[forums.kicksecure.com/t/failure-update-system-addgroup-addgroup-with-two-arguments-is-an-unspecified-operation/88.html]
[forums.kicksecure.com/letter_avatar_proxy/v4/letter/b/3d9bf3/25.png]
[forums.kicksecure.com/t/live-mode-menu-does-not-appear-after-clean-install/389.rss]
[forums.kicksecure.com/t/security-misc-breaks-network-connectivity/376.rss]
[forums.kicksecure.com/t/lqxt-without-default-window-manager/74.html]
[forums.kicksecure.com/letter_avatar_proxy/v4/letter/b/b5e925/25.png]
[forums.kicksecure.com/t/avoid-notifying-my-replies-to-my-email/72.html]
[forums.kicksecure.com/t/how-is-kicksecure-working-with-openstack/384.rss]
[forums.kicksecure.com/t/security-misc-breaks-lkrg/379.rss]
[forums.kicksecure.com/t/how-to-install-minimal-kicksecure/377.rss]
[forums.kicksecure.com/t/how-do-i-install-kicksecure-without-installing-or-using-anything-tor-related/316.rss]
[forums.kicksecure.com/images/emoji/twitter/smileye5bf.png]
[forums.kicksecure.com/letter_avatar_proxy/v4/letter/q/e9bcb4/48.png]
[forums.kicksecure.com/t/how-to-install-minimal-kicksecure/377/2.html]
[forums.kicksecure.com/t/hardened-malloc-breaks-php-and-lighthttpd/368.rss]
[forums.kicksecure.com/t/kicksecure-as-server-os/354.rss]
[forums.kicksecure.com/t/unable-access-to-web-using-expressvpn/352.rss]
[forums.kicksecure.com/t/logical-cpu-cores-in-virt-manager-halved-after-installing-kicksecure-on-host/348.rss]
[forums.kicksecure.com/t/sysctl-conf-configuration/366.rss]
[forums.kicksecure.com/t/openvpn-cant-connect-after-the-recent-kicksecure-updates/350.rss]
[forums.kicksecure.com/t/networkmanager-hardening-configs-of-securitymisc-are-missing-on-kicksecure-qcow2-image/343.rss]
[forums.kicksecure.com/t/live-mode-vm-virtualbox/339.rss]
[forums.kicksecure.com/t/error-at-dkms-status-for-tirdad-and-lkrg-warning-diff-between-built-and-installed-module/342.rss]
[forums.kicksecure.com/t/passwd-dont-work-anymore-after-the-latest-kicksecure-update/347.rss]
[forums.kicksecure.com/t/kicksecure-as-server-os/354/3.html]
[forums.kicksecure.com/letter_avatar_proxy/v4/letter/h/8491ac/48.png]
[forums.kicksecure.com/t/beyond-blocking-debian-signed-onionized-sources-for-qubes-template/332.rss]
[forums.kicksecure.com/t/confusing-information-about-installing-kicksecure-cli-host-or-kicksecure-xfce-host/330.rss]
[forums.kicksecure.com/t/qubes-os-in-place-upgrade-from-16-to-17-changed-vm-monitor-behavior/323.rss]
[forums.kicksecure.com/t/lost-operability-after-update/318.rss]
[forums.kicksecure.com/letter_avatar_proxy/v4/letter/i/e495f1/48.png]
[forums.kicksecure.com/user_avatar/forums.kicksecure.com/mh4speech/48/30_2.png]
[forums.kicksecure.com/t/using-python3-with-kicksecure/311.rss]
[forums.kicksecure.com/letter_avatar_proxy/v4/letter/n/ba8739/48.png]
[forums.kicksecure.com/t/no-signature-keys-available/298.rss]
[forums.kicksecure.com/t/vm-morph-debian-to-kicksecure-no-preinstall-tools/291.rss]
[forums.kicksecure.com/letter_avatar_proxy/v4/letter/p/898d66/40.png]
[forums.kicksecure.com/t/lkrg-kill-onion-grater/288.rss]
[forums.kicksecure.com/t/dracut-debain-12-kicksecure-distromorph-for-ram-wipe/274.rss]
[forums.kicksecure.com/t/transparent-tor-proxy/283.rss]
[forums.kicksecure.com/letter_avatar_proxy/v4/letter/s/6de8d8/40.png]
[forums.kicksecure.com/t/apt-traffic-and-vpn/276.rss]
[forums.kicksecure.com/t/tor-reports-warn-bootstrap-progress-5-tag-conn-summary-connecting-to-a-relay/266.rss]
[forums.kicksecure.com/t/cannot-get-sdwdate-to-sync/25/4.html]
[forums.kicksecure.com/t/add-pyqt5-dev-tool-dependency-to-kicksecure-dependencies/129.rss]
[forums.kicksecure.com/uploads/default/original/1X/387b94105789f23978aadb4e696a09e2588212d9.png]
[forums.kicksecure.com/t/changing-kicksecure-repository-to-tester-will-add-tor-by-default-to-the-repo/127.rss]
[forums.kicksecure.com/t/disable-unnecessary-startup-processes-e-g-evolution-calendar/126.rss]
[forums.kicksecure.com/t/not-having-a-default-browser-and-pressing-on-web-browser-icon-in-xfce-will-give-annoying-bug/128/2.html]
[forums.kicksecure.com/uploads/default/original/1X/80c1c1fcefb4687435dfc7b90ed3d2723a99b85e.png]
[forums.kicksecure.com/t/systemcheck-wont-load-work-on-debian-12-next-release/130/2.html]
[forums.kicksecure.com/t/derivative-maker-build-script-running-as-user-versus-root-versus-sudo-design/76.rss]
[forums.kicksecure.com/t/block-browser-startup-in-template-vms/71.rss]
[forums.kicksecure.com/t/make-systemcheck-gui-give-better-message-when-no-tor-connection-detected/61.rss]
[forums.kicksecure.com/uploads/default/original/1X/4436e4c66eb4b895474a46e5905f7f5808fea79a.png]
[forums.kicksecure.com/letter_avatar_proxy/v4/letter/n/8e7dd6/48.png]
[forums.kicksecure.com/t/consider-firewall-by-default/57.rss]
[forums.kicksecure.com/t/enabling-open-link-confirmation/111.rss]
[forums.kicksecure.com/t/kicksecure-no-screen-lock-installed/221.rss]
[forums.kicksecure.com/uploads/default/original/1X/d51a5c19f9a658eca33d0d3101d89718a41af12d.png]
[forums.kicksecure.com/uploads/default/original/1X/9d6b952787341202ad89d5c07e936dcf63d0a6dd.png]
[forums.kicksecure.com/letter_avatar_proxy/v4/letter/w/8e8cbc/40.png]
[forums.kicksecure.com/c/support/6fdb0.html]
[forums.kicksecure.com/c/support/6fdb0.html]
[forums.kicksecure.com/letter_avatar_proxy/v4/letter/c/ee59a6/25.png]
[forums.kicksecure.com/t/no-connection-in-kicksecure-appvm-based-on-qubes-template-debian-11-minimal/32.html]
[forums.kicksecure.com/t/kicksecure-apt-key-expired/52.html]
[forums.kicksecure.com/letter_avatar_proxy/v4/letter/t/439d5e/25.png]
[forums.kicksecure.com/t/how-to-manual-change-of-the-tor-circuit/49.html]
[forums.kicksecure.com/letter_avatar_proxy/v4/letter/t/c77e96/25.png]
[forums.kicksecure.com/t/how-to-install-remmina/48.html]
[forums.kicksecure.com/letter_avatar_proxy/v4/letter/k/7c8e57/25.png]
[forums.kicksecure.com/t/kicksecure-inside-lmde-5/46.html]
[forums.kicksecure.com/letter_avatar_proxy/v4/letter/g/59ef9b/25.png]
[forums.kicksecure.com/t/kicksecure-network-conf-package-question/39.html]
[forums.kicksecure.com/t/big-thanks-small-question/34.html]
[forums.kicksecure.com/t/cannot-get-sdwdate-to-sync/25.rss]
[forums.kicksecure.com/t/dpkg-issue-in-kicksecure-debian/28.html]
[forums.kicksecure.com/t/sudoless-kicksecure/139.rss]
[forums.kicksecure.com/t/suddenly-after-each-restart-two-cable-connections/29.html]
[forums.kicksecure.com/letter_avatar_proxy/v4/letter/s/e0b2c6/40.png]
[forums.kicksecure.com/letter_avatar_proxy/v4/letter/b/f6c823/40.png]
[forums.kicksecure.com/t/performance-how-do-i-turn-smt-back-on/261.rss]
[forums.kicksecure.com/t/clean-installing-ks-on-debian-11-cli-hit-security-misc-error/124/9.html]
[forums.kicksecure.com/letter_avatar_proxy/v4/letter/i/df705f/48.png]
[forums.kicksecure.com/t/clean-installing-ks-on-debian-11-cli-hit-security-misc-error/124/12.html]
[forums.kicksecure.com/t/hardware-detection-problems-cd-rom-special-device-dev-sr0-does-not-exist-and-hp-laserjet-4-printer-hplip-does-not-detect/256.rss]
[forums.kicksecure.com/t/questions-about-lkrg-and-debians-hardening-runtime-package/242.rss]
[forums.kicksecure.com/t/questions-about-further-hardening-and-the-harden-kernel-package/241.rss]
[forums.kicksecure.com/letter_avatar_proxy/v4/letter/m/df705f/48.png]
[forums.kicksecure.com/t/what-are-the-biggest-dos-and-donts-of-kicksecure/232/2.html]
[forums.kicksecure.com/t/recent-version-of-kicksecure-slow-network-performance/240.rss]
[forums.kicksecure.com/t/repository-metada-has-date-in-the-future-prevents-apt-get-update-to-work/238.rss]
[forums.kicksecure.com/t/printer-troubles/236.rss]
[forums.kicksecure.com/t/what-are-the-biggest-dos-and-donts-of-kicksecure/232.rss]
[forums.kicksecure.com/t/questions-about-further-hardening-and-the-harden-kernel-package/241/2.html]
[forums.kicksecure.com/t/is-kicksecure-right-for-me/227.rss]
[forums.kicksecure.com/t/public-key-not-available/43.rss]
[forums.kicksecure.com/t/trying-to-morph-kicksecure-on-debian-bullseye/17.rss]
[forums.kicksecure.com/t/mullvadvpn-and-opensnitch-on-kicksecure/195.rss]
[forums.kicksecure.com/t/clean-installing-ks-on-debian-11-cli-hit-security-misc-error/124.rss]
[forums.kicksecure.com/t/trouble-installing-kicksecure-qubes-gui-in-qubes/170.rss]
[forums.kicksecure.com/t/problem-with-hardended-malloc/118.rss]
[forums.kicksecure.com/t/using-kicksecure-xfce-vm-as-offline-cold-storage/122.rss]
[forums.kicksecure.com/t/installing-openvpn-client-permission-denied/125.rss]
[forums.kicksecure.com/t/intel-tiger-lake-sof-sound-driver/103.rss]
[forums.kicksecure.com/t/everything-works-just-one-question-about-networking/96.rss]
[forums.kicksecure.com/t/noob-questions-about-sudo-and-suid-cli-vs-gui/99.rss]
[forums.kicksecure.com/t/hostname-incorrect/97.rss]
[forums.kicksecure.com/letter_avatar_proxy/v4/letter/a/96bed5/48.png]
[forums.kicksecure.com/images/emoji/twitter/grinninge5bf.png]
[forums.kicksecure.com/t/kicksecure-default-applications-missing/93.rss]
[forums.kicksecure.com/t/failure-update-system-addgroup-addgroup-with-two-arguments-is-an-unspecified-operation/88.rss]
[forums.kicksecure.com/letter_avatar_proxy/v4/letter/o/3da27b/25.png]
[forums.kicksecure.com/t/help-installing-with-debian/83.html]
[forums.kicksecure.com/t/lqxt-without-default-window-manager/74.rss]
[forums.kicksecure.com/uploads/default/original/1X/aa4a8e9f803df40d27039ca09318a4ee13f0b556.png]
[forums.kicksecure.com/t/avoid-notifying-my-replies-to-my-email/72.rss]
[forums.kicksecure.com/letter_avatar_proxy/v4/letter/n/e495f1/120.png]
[forums.kicksecure.com/letter_avatar_proxy/v4/letter/s/e0b2c6/48.png]
[forums.kicksecure.com/t/no-connection-in-kicksecure-appvm-based-on-qubes-template-debian-11-minimal/32.rss]
[forums.kicksecure.com/letter_avatar_proxy/v4/letter/c/ee59a6/48.png]
[forums.kicksecure.com/t/kicksecure-apt-key-expired/52.rss]
[forums.kicksecure.com/t/how-to-manual-change-of-the-tor-circuit/49.rss]
[forums.kicksecure.com/t/how-to-install-remmina/48.rss]
[forums.kicksecure.com/uploads/default/original/1X/fd582c36d401b9aab35e966df5737fa87a34c9e4.png]
[forums.kicksecure.com/uploads/default/optimized/1X/fd582c36d401b9aab35e966df5737fa87a34c9e4_2_690x438.png]
[forums.kicksecure.com/letter_avatar_proxy/v4/letter/t/439d5e/48.png]
[forums.kicksecure.com/t/dpkg-issue-in-kicksecure-debian/28.rss]
[forums.kicksecure.com/t/kicksecure-inside-lmde-5/46.rss]
[forums.kicksecure.com/t/kicksecure-network-conf-package-question/39.rss]
[forums.kicksecure.com/t/big-thanks-small-question/34.rss]
[forums.kicksecure.com/letter_avatar_proxy/v4/letter/g/59ef9b/48.png]
[forums.kicksecure.com/letter_avatar_proxy/v4/letter/b/3d9bf3/48.png]
[forums.kicksecure.com/t/help-installing-with-debian/83.rss]
[forums.kicksecure.com/t/suddenly-after-each-restart-two-cable-connections/29.rss]
