[forums.kicksecure.com/index.html]
[backblue.gif]
[fade.gif]
[index.html]
[external.html]
[forums.kicksecure.com/c/development/7.html]
[forums.kicksecure.com/index.html]
[forums.kicksecure.com/c/website/2.html]
[forums.kicksecure.com/c/news/5.html]
[forums.kicksecure.com/c/support/6.html]
[forums.kicksecure.com/categories.html]
[forums.kicksecure.com/guidelines.html]
[forums.kicksecure.com/c/news/52679.html]
[forums.kicksecure.com/t/kicksecure-16-0-8-2-for-virtualbox-point-release/114.html]
[forums.kicksecure.com/tag/important-news.html]
[forums.kicksecure.com/c/news/5.html]
[forums.kicksecure.com/login.html]
[forums.kicksecure.com/c/website/22679.html]
[forums.kicksecure.com/t/reply-to-forums-via-e-mail-test-forum-thread/67.html]
[forums.kicksecure.com/c/website/2.html]
[forums.kicksecure.com/c/support/_https_/www.kicksecure.com/wiki/Support__support_/a_]
[forums.kicksecure.com/c/support/62679.html]
[forums.kicksecure.com/t/problem-with-hardended-malloc/118.html]
[forums.kicksecure.com/t/enabling-open-link-confirmation/111.html]
[forums.kicksecure.com/t/intel-tiger-lake-sof-sound-driver/103.html]
[forums.kicksecure.com/t/noob-questions-about-sudo-and-suid-cli-vs-gui/99.html]
[forums.kicksecure.com/t/hostname-incorrect/97.html]
[forums.kicksecure.com/t/everything-works-just-one-question-about-networking/96.html]
[forums.kicksecure.com/t/kicksecure-default-applications-missing/93.html]
[forums.kicksecure.com/t/failure-update-system-addgroup-addgroup-with-two-arguments-is-an-unspecified-operation/88.html]
[forums.kicksecure.com/t/help-installing-with-debian/83.html]
[forums.kicksecure.com/t/lqxt-without-default-window-manager/74.html]
[forums.kicksecure.com/t/avoid-notifying-my-replies-to-my-email/72.html]
[forums.kicksecure.com/t/kicksecure-apt-key-expired/52.html]
[forums.kicksecure.com/t/no-connection-in-kicksecure-appvm-based-on-qubes-template-debian-11-minimal/32.html]
[forums.kicksecure.com/c/support/6.html]
[forums.kicksecure.com/c/development/72679.html]
[forums.kicksecure.com/t/propose-building-off-alpine-linux/107.html]
[forums.kicksecure.com/t/disabling-smt-in-security-misc-may-make-security-worse-on-some-power9-systems/100.html]
[forums.kicksecure.com/t/tor-project-is-resurrecting-secbrowser-as-base-browser/101.html]
[forums.kicksecure.com/t/derivative-maker-build-script-running-as-user-versus-root-versus-sudo-design/76.html]
[forums.kicksecure.com/t/block-browser-startup-in-template-vms/71.html]
[forums.kicksecure.com/t/make-systemcheck-gui-give-better-message-when-no-tor-connection-detected/61.html]
[forums.kicksecure.com/t/consider-firewall-by-default/57.html]
[forums.kicksecure.com/c/development/7.html]
[forums.kicksecure.com/categories.html]
[forums.kicksecure.com/c/site-feedback]
[forums.kicksecure.com/about.html]
[forums.kicksecure.com/faq.html]
[forums.kicksecure.com/guidelines.html]
[forums.kicksecure.com/c/news/52679.html]
[forums.kicksecure.com/posts.rss]
[forums.kicksecure.com/latest.rss]
[forums.kicksecure.com/c/news/5.rss]
[forums.kicksecure.com/t/about-the-news-category/15.html]
[forums.kicksecure.com/u/Patrick.html]
[forums.kicksecure.com/t/kicksecure-16-0-8-2-for-virtualbox-point-release/114.html]
[forums.kicksecure.com/tag/important-news695b.html]
[forums.kicksecure.com/tag/important-news.html]
[forums.kicksecure.com/c/website/22679.html]
[forums.kicksecure.com/c/website/2.rss]
[forums.kicksecure.com/t/kicksecure-logo-draft/20.html]
[forums.kicksecure.com/login.html]
[forums.kicksecure.com/u/HulaHoop.html]
[forums.kicksecure.com/t/reply-to-forums-via-e-mail-test-forum-thread/67.html]
[forums.kicksecure.com/c/support/62679.html]
[forums.kicksecure.com/c/support/6.rss]
[forums.kicksecure.com/t/problem-with-hardended-malloc/118.html]
[forums.kicksecure.com/t/enabling-open-link-confirmation/111.html]
[forums.kicksecure.com/t/intel-tiger-lake-sof-sound-driver/103.html]
[forums.kicksecure.com/t/noob-questions-about-sudo-and-suid-cli-vs-gui/99.html]
[forums.kicksecure.com/t/hostname-incorrect/97.html]
[forums.kicksecure.com/t/everything-works-just-one-question-about-networking/96.html]
[forums.kicksecure.com/t/kicksecure-default-applications-missing/93.html]
[forums.kicksecure.com/t/failure-update-system-addgroup-addgroup-with-two-arguments-is-an-unspecified-operation/88.html]
[forums.kicksecure.com/t/help-installing-with-debian/83.html]
[forums.kicksecure.com/t/lqxt-without-default-window-manager/74.html]
[forums.kicksecure.com/u/nyxnor/preferences/emails]
[forums.kicksecure.com/t/avoid-notifying-my-replies-to-my-email/72.html]
[forums.kicksecure.com/t/no-connection-in-kicksecure-appvm-based-on-qubes-template-debian-11-minimal/32.html]
[forums.kicksecure.com/u/nurmagoz.html]
[forums.kicksecure.com/t/kicksecure-apt-key-expired/52.html]
[forums.kicksecure.com/t/how-to-manual-change-of-the-tor-circuit/49.html]
[forums.kicksecure.com/u/Tkoooo.html]
[forums.kicksecure.com/t/how-to-install-remmina/48.html]
[forums.kicksecure.com/t/kicksecure-inside-lmde-5/46.html]
[forums.kicksecure.com/u/Helia.html]
[forums.kicksecure.com/t/public-key-not-available/43.html]
[forums.kicksecure.com/u/yuxao.html]
[forums.kicksecure.com/t/kicksecure-network-conf-package-question/39.html]
[forums.kicksecure.com/u/tetraeder.html]
[forums.kicksecure.com/t/big-thanks-small-question/34.html]
[forums.kicksecure.com/u/kicker.html]
[forums.kicksecure.com/t/dpkg-issue-in-kicksecure-debian/28.html]
[forums.kicksecure.com/u/gandalf.html]
[forums.kicksecure.com/t/suddenly-after-each-restart-two-cable-connections/29.html]
[forums.kicksecure.com/t/cannot-get-sdwdate-to-sync/25.html]
[forums.kicksecure.com/u/secondone2post.html]
[forums.kicksecure.com/t/trying-to-morph-kicksecure-on-debian-bullseye/17.html]
[forums.kicksecure.com/u/whowasi.html]
[forums.kicksecure.com/c/development/72679.html]
[forums.kicksecure.com/c/development/7.rss]
[forums.kicksecure.com/t/propose-building-off-alpine-linux/107.html]
[forums.kicksecure.com/t/disabling-smt-in-security-misc-may-make-security-worse-on-some-power9-systems/100.html]
[forums.kicksecure.com/t/tor-project-is-resurrecting-secbrowser-as-base-browser/101.html]
[forums.kicksecure.com/t/derivative-maker-build-script-running-as-user-versus-root-versus-sudo-design/76.html]
[forums.kicksecure.com/t/block-browser-startup-in-template-vms/71.html]
[forums.kicksecure.com/t/make-systemcheck-gui-give-better-message-when-no-tor-connection-detected/61.html]
[forums.kicksecure.com/t/consider-firewall-by-default/57.html]
[forums.kicksecure.com/about.html]
[forums.kicksecure.com/faq.html]
[forums.kicksecure.com/t/about-the-news-category/15.rss]
[forums.kicksecure.com/t/kicksecure-16-0-8-2-for-virtualbox-point-release/114.rss]
[forums.kicksecure.com/tag/important-news695b.html]
[forums.kicksecure.com/t/kicksecure-logo-draft/20.rss]
[forums.kicksecure.com/t/reply-to-forums-via-e-mail-test-forum-thread/67.rss]
[forums.kicksecure.com/t/problem-with-hardended-malloc/118.rss]
[forums.kicksecure.com/t/enabling-open-link-confirmation/111.rss]
[forums.kicksecure.com/t/intel-tiger-lake-sof-sound-driver/103.rss]
[forums.kicksecure.com/t/noob-questions-about-sudo-and-suid-cli-vs-gui/99.rss]
[forums.kicksecure.com/t/hostname-incorrect/97.rss]
[forums.kicksecure.com/t/everything-works-just-one-question-about-networking/96.rss]
[forums.kicksecure.com/u/hulahoop-2.html]
[forums.kicksecure.com/t/kicksecure-default-applications-missing/93.rss]
[forums.kicksecure.com/t/failure-update-system-addgroup-addgroup-with-two-arguments-is-an-unspecified-operation/88.rss]
[forums.kicksecure.com/t/help-installing-with-debian/83.rss]
[forums.kicksecure.com/t/lqxt-without-default-window-manager/74.rss]
[forums.kicksecure.com/t/avoid-notifying-my-replies-to-my-email/72.rss]
[forums.kicksecure.com/t/no-connection-in-kicksecure-appvm-based-on-qubes-template-debian-11-minimal/32.rss]
[forums.kicksecure.com/t/kicksecure-apt-key-expired/52.rss]
[forums.kicksecure.com/t/how-to-manual-change-of-the-tor-circuit/49.rss]
[forums.kicksecure.com/t/how-to-install-remmina/48.rss]
[forums.kicksecure.com/t/kicksecure-inside-lmde-5/46.rss]
[forums.kicksecure.com/t/public-key-not-available/43.rss]
[forums.kicksecure.com/t/kicksecure-network-conf-package-question/39.rss]
[forums.kicksecure.com/t/big-thanks-small-question/34.rss]
[forums.kicksecure.com/t/dpkg-issue-in-kicksecure-debian/28.rss]
[forums.kicksecure.com/t/suddenly-after-each-restart-two-cable-connections/29.rss]
[forums.kicksecure.com/t/cannot-get-sdwdate-to-sync/25.rss]
[forums.kicksecure.com/t/trying-to-morph-kicksecure-on-debian-bullseye/17.rss]
[forums.kicksecure.com/t/propose-building-off-alpine-linux/107.rss]
[forums.kicksecure.com/t/disabling-smt-in-security-misc-may-make-security-worse-on-some-power9-systems/100.rss]
[forums.kicksecure.com/t/tor-project-is-resurrecting-secbrowser-as-base-browser/101.rss]
[forums.kicksecure.com/t/derivative-maker-build-script-running-as-user-versus-root-versus-sudo-design/76.rss]
[forums.kicksecure.com/t/block-browser-startup-in-template-vms/71.rss]
[forums.kicksecure.com/t/make-systemcheck-gui-give-better-message-when-no-tor-connection-detected/61.rss]
[forums.kicksecure.com/t/consider-firewall-by-default/57.rss]
[forums.kicksecure.com/u/patrick-2.html]
