[forums.kicksecure.com/index.html]
[backblue.gif]
[fade.gif]
[index.html]
[forums.kicksecure.com/stylesheets/desktop_theme_2_c3388603bc91c0b1187638d4663cdf8a1b9e04ad.css_; filename_=UTF-8''desktop_theme_2_c3388603bc91c0b1187638d4663cdf8a1b9e04ad61cf.css]
[external.html]
[forums.kicksecure.com/index.html]
[forums.kicksecure.com/uploads/default/optimized/1X/0db9935a1fdd7302cae516aaa752af0de307d388_2_32x32.png]
[forums.kicksecure.com/uploads/default/optimized/1X/cbdfe4b0c05c97069961301225ed1ccd6e766f67_2_180x180.png]
[forums.kicksecure.com/opensearch.xml]
[forums.kicksecure.com/stylesheets/color_definitions_base__3_bd4f1404aaee866c91f381280570c8e930e690db.css_; filename_=UTF-8''color_definitions_base__3_bd4f1404aaee866c91f381280570c8e930e690db6]
[forums.kicksecure.com/stylesheets/desktop_3e236566b701cbb0aa67079572820facff4ded52.css_; filename_=UTF-8''desktop_3e236566b701cbb0aa67079572820facff4ded5261cf.css]
[forums.kicksecure.com/stylesheets/discourse-details_3e236566b701cbb0aa67079572820facff4ded52.css_; filename_=UTF-8''discourse-details_3e236566b701cbb0aa67079572820facff4ded5261cf.css]
[forums.kicksecure.com/stylesheets/discourse-lazy-videos_3e236566b701cbb0aa67079572820facff4ded52.css_; filename_=UTF-8''discourse-lazy-videos_3e236566b701cbb0aa67079572820facff4ded5261cf.css]
[forums.kicksecure.com/stylesheets/discourse-local-dates_3e236566b701cbb0aa67079572820facff4ded52.css_; filename_=UTF-8''discourse-local-dates_3e236566b701cbb0aa67079572820facff4ded5261cf.css]
[forums.kicksecure.com/stylesheets/discourse-narrative-bot_3e236566b701cbb0aa67079572820facff4ded52.css_; filename_=UTF-8''discourse-narrative-bot_3e236566b701cbb0aa67079572820facff4ded5261cf]
[forums.kicksecure.com/w/images/3/32/End-of-year-pause.png]
[forums.kicksecure.com/stylesheets/discourse-presence_3e236566b701cbb0aa67079572820facff4ded52.css_; filename_=UTF-8''discourse-presence_3e236566b701cbb0aa67079572820facff4ded5261cf.css]
[forums.kicksecure.com/w/images/0/0b/End-of-year-times.png]
[forums.kicksecure.com/stylesheets/docker_manager_3e236566b701cbb0aa67079572820facff4ded52.css_; filename_=UTF-8''docker_manager_3e236566b701cbb0aa67079572820facff4ded5261cf.css]
[forums.kicksecure.com/stylesheets/poll_3e236566b701cbb0aa67079572820facff4ded52.css_; filename_=UTF-8''poll_3e236566b701cbb0aa67079572820facff4ded5261cf.css]
[forums.kicksecure.com/stylesheets/poll_desktop_3e236566b701cbb0aa67079572820facff4ded52.css_; filename_=UTF-8''poll_desktop_3e236566b701cbb0aa67079572820facff4ded5261cf.css]
[forums.kicksecure.com/stylesheets/desktop_theme_3_71ae7b194ea80371b6506bb9dd9881ff3ee8f36f.css_; filename_=UTF-8''desktop_theme_3_71ae7b194ea80371b6506bb9dd9881ff3ee8f36f61cf.css]
[forums.kicksecure.com/stylesheets/desktop_theme_2_c3388603bc91c0b1187638d4663cdf8a1b9e04ad.css_; filename_=UTF-8''desktop_theme_2_c3388603bc91c0b1187638d4663cdf8a1b9e04ad61cf.css]
[forums.kicksecure.com/w/images/c/c8/End-of-year-play.png]
[forums.kicksecure.com/c/news/5.html]
[forums.kicksecure.com/c/website/2.html]
[forums.kicksecure.com/c/support/6.html]
[forums.kicksecure.com/c/development/7.html]
[forums.kicksecure.com/c/qubes/8.html]
[forums.kicksecure.com/c/virtualbox/9.html]
[forums.kicksecure.com/c/kvm/10.html]
[forums.kicksecure.com/c/unsupported-platforms/11.html]
[forums.kicksecure.com/c/apparmor/12.html]
[forums.kicksecure.com/c/organization/13.html]
[forums.kicksecure.com/c/recycle-bin/16.html]
[forums.kicksecure.com/categories.html]
[forums.kicksecure.com/guidelines.html]
